=== bias (front-end OFF) ===
            (A) beat-resid  (B) half-sample  (C) isoelectric  포화비율
noise                                                             
awgn                  -8.2             -8.2             -0.8   0.2
bw                    -3.6              0.9              9.3   0.2
em(motion)            -4.2             -2.6             10.0   0.2
impulse               -7.8             -7.2              8.9   0.2
ma(emg)               -6.9             -5.3              5.5   0.2
mixed                 -6.1             -3.0              6.4   0.2
pli                   -3.1              0.0             -1.8   0.2

=== bias (front-end ON) ===
            (A) beat-resid  (B) half-sample  (C) isoelectric  포화비율
noise                                                             
awgn                  -7.9             -7.3             -1.9   0.1
bw                   -11.9             -8.7             -3.2   0.8
em(motion)            -7.1             -6.4              3.7   0.3
impulse               -7.2             -6.0              6.7   0.0
ma(emg)               -6.9             -4.4              3.2   0.0
mixed                 -7.3             -5.1              4.3   0.3
pli                  -13.2             -9.3             -6.3   0.8

=== diagnostics ===
            mean_err  lag1  artf  warn
noise                                 
awgn           -9.76  0.15  0.13  0.67
bw             -5.91  0.45  0.15  0.93
em(motion)     -6.44  0.58  0.17  0.93
impulse        -9.37  0.45  0.26  1.00
ma(emg)        -8.62  0.36  0.18  0.93
mixed          -7.96  0.38  0.16  0.87
pli            -5.62  0.46  0.15  1.00

-> docs/04_snr_estimator_calibration_d1.md

[FAIL] AWGN (true SNR < 20 dB) mean |bias| = 7.56 dB (< 1.5)
