[exp_e] tag=d1 items=22 methods=['M00', 'M_FE', 'M01', 'M04', 'M05', 'B01', 'M06', 'M07', 'M08'] snr=5.0 dB
probe  method
p1     B01       22
       M00       22
       M01       22
       M04       22
       M05       22
       M06       22
       M07       22
       M08       22
       M_FE      22
p2     B01       22
       M00       22
       M01       22
       M04       22
       M05       22
       M06       22
       M07       22
       M08       22
       M_FE      22
p3     B01       15
       M00       15
       M01       15
       M04       15
       M05       15
       M06       15
       M07       15
       M08       15
       M_FE      15
-> docs/07_safety_probe_d1.md
