[exp_e] items=22 methods=['M00', 'M01', 'M04', 'M05', 'B01', 'M06', 'M07', 'M08'] snr=5.0 dB
probe  method
p1     B01       22
       M00       22
       M01       22
       M04       22
       M05       22
       M06       22
       M07       22
       M08       22
p2     B01       22
       M00       22
       M01       22
       M04       22
       M05       22
       M06       22
       M07       22
       M08       22
p3     B01       39
       M00       39
       M01       39
       M04       39
       M05       39
       M06       39
       M07       39
       M08       39
-> docs/07_safety_probe.md
