[abl_loss] mode=snr source=synthetic tag=d0 items=132 frontend=True methods=['M_FE', 'M06-L1', 'M06-L2', 'M06-L3', 'M08-L1', 'M08-L3', 'M08-L4']
  10/132  47s  (eta 578s)
  20/132  104s  (eta 585s)
  30/132  148s  (eta 502s)
  40/132  193s  (eta 443s)
  50/132  241s  (eta 395s)
  60/132  293s  (eta 351s)
  70/132  342s  (eta 303s)
  80/132  388s  (eta 252s)
/home/user/ECG_denoising_method_comparision/ecgdn/eval/morphology.py:318: RuntimeWarning: All-NaN slice encountered
  out["qrs_dur_ref_ms"] = float(np.nanmedian(d_ref[:n]))
/home/user/ECG_denoising_method_comparision/ecgdn/eval/morphology.py:318: RuntimeWarning: All-NaN slice encountered
  out["qrs_dur_ref_ms"] = float(np.nanmedian(d_ref[:n]))
/home/user/ECG_denoising_method_comparision/ecgdn/eval/morphology.py:318: RuntimeWarning: All-NaN slice encountered
  out["qrs_dur_ref_ms"] = float(np.nanmedian(d_ref[:n]))
/home/user/ECG_denoising_method_comparision/ecgdn/eval/morphology.py:318: RuntimeWarning: All-NaN slice encountered
  out["qrs_dur_ref_ms"] = float(np.nanmedian(d_ref[:n]))
/home/user/ECG_denoising_method_comparision/ecgdn/eval/morphology.py:318: RuntimeWarning: All-NaN slice encountered
  out["qrs_dur_ref_ms"] = float(np.nanmedian(d_ref[:n]))
/home/user/ECG_denoising_method_comparision/ecgdn/eval/morphology.py:318: RuntimeWarning: All-NaN slice encountered
  out["qrs_dur_ref_ms"] = float(np.nanmedian(d_ref[:n]))
/home/user/ECG_denoising_method_comparision/ecgdn/eval/morphology.py:318: RuntimeWarning: All-NaN slice encountered
  out["qrs_dur_ref_ms"] = float(np.nanmedian(d_ref[:n]))
/home/user/ECG_denoising_method_comparision/ecgdn/eval/morphology.py:318: RuntimeWarning: All-NaN slice encountered
  out["qrs_dur_ref_ms"] = float(np.nanmedian(d_ref[:n]))
/home/user/ECG_denoising_method_comparision/ecgdn/eval/morphology.py:318: RuntimeWarning: All-NaN slice encountered
  out["qrs_dur_ref_ms"] = float(np.nanmedian(d_ref[:n]))
/home/user/ECG_denoising_method_comparision/ecgdn/eval/morphology.py:318: RuntimeWarning: All-NaN slice encountered
  out["qrs_dur_ref_ms"] = float(np.nanmedian(d_ref[:n]))
/home/user/ECG_denoising_method_comparision/ecgdn/eval/morphology.py:318: RuntimeWarning: All-NaN slice encountered
  out["qrs_dur_ref_ms"] = float(np.nanmedian(d_ref[:n]))
/home/user/ECG_denoising_method_comparision/ecgdn/eval/morphology.py:318: RuntimeWarning: All-NaN slice encountered
  out["qrs_dur_ref_ms"] = float(np.nanmedian(d_ref[:n]))
/home/user/ECG_denoising_method_comparision/ecgdn/eval/morphology.py:318: RuntimeWarning: All-NaN slice encountered
  out["qrs_dur_ref_ms"] = float(np.nanmedian(d_ref[:n]))
/home/user/ECG_denoising_method_comparision/ecgdn/eval/morphology.py:318: RuntimeWarning: All-NaN slice encountered
  out["qrs_dur_ref_ms"] = float(np.nanmedian(d_ref[:n]))
/home/user/ECG_denoising_method_comparision/ecgdn/eval/morphology.py:318: RuntimeWarning: All-NaN slice encountered
  out["qrs_dur_ref_ms"] = float(np.nanmedian(d_ref[:n]))
/home/user/ECG_denoising_method_comparision/ecgdn/eval/morphology.py:318: RuntimeWarning: All-NaN slice encountered
  out["qrs_dur_ref_ms"] = float(np.nanmedian(d_ref[:n]))
/home/user/ECG_denoising_method_comparision/ecgdn/eval/morphology.py:318: RuntimeWarning: All-NaN slice encountered
  out["qrs_dur_ref_ms"] = float(np.nanmedian(d_ref[:n]))
/home/user/ECG_denoising_method_comparision/ecgdn/eval/morphology.py:318: RuntimeWarning: All-NaN slice encountered
  out["qrs_dur_ref_ms"] = float(np.nanmedian(d_ref[:n]))
/home/user/ECG_denoising_method_comparision/ecgdn/eval/morphology.py:318: RuntimeWarning: All-NaN slice encountered
  out["qrs_dur_ref_ms"] = float(np.nanmedian(d_ref[:n]))
/home/user/ECG_denoising_method_comparision/ecgdn/eval/morphology.py:318: RuntimeWarning: All-NaN slice encountered
  out["qrs_dur_ref_ms"] = float(np.nanmedian(d_ref[:n]))
/home/user/ECG_denoising_method_comparision/ecgdn/eval/morphology.py:318: RuntimeWarning: All-NaN slice encountered
  out["qrs_dur_ref_ms"] = float(np.nanmedian(d_ref[:n]))
/home/user/ECG_denoising_method_comparision/ecgdn/eval/morphology.py:318: RuntimeWarning: All-NaN slice encountered
  out["qrs_dur_ref_ms"] = float(np.nanmedian(d_ref[:n]))
/home/user/ECG_denoising_method_comparision/ecgdn/eval/morphology.py:319: RuntimeWarning: All-NaN slice encountered
  out["qrs_dur_hat_ms"] = float(np.nanmedian(d_hat[:n]))
/home/user/ECG_denoising_method_comparision/ecgdn/eval/morphology.py:318: RuntimeWarning: All-NaN slice encountered
  out["qrs_dur_ref_ms"] = float(np.nanmedian(d_ref[:n]))
/home/user/ECG_denoising_method_comparision/ecgdn/eval/morphology.py:318: RuntimeWarning: All-NaN slice encountered
  out["qrs_dur_ref_ms"] = float(np.nanmedian(d_ref[:n]))
/home/user/ECG_denoising_method_comparision/ecgdn/eval/morphology.py:318: RuntimeWarning: All-NaN slice encountered
  out["qrs_dur_ref_ms"] = float(np.nanmedian(d_ref[:n]))
/home/user/ECG_denoising_method_comparision/ecgdn/eval/morphology.py:318: RuntimeWarning: All-NaN slice encountered
  out["qrs_dur_ref_ms"] = float(np.nanmedian(d_ref[:n]))
/home/user/ECG_denoising_method_comparision/ecgdn/eval/morphology.py:318: RuntimeWarning: All-NaN slice encountered
  out["qrs_dur_ref_ms"] = float(np.nanmedian(d_ref[:n]))
/home/user/ECG_denoising_method_comparision/ecgdn/eval/morphology.py:319: RuntimeWarning: All-NaN slice encountered
  out["qrs_dur_hat_ms"] = float(np.nanmedian(d_hat[:n]))
/home/user/ECG_denoising_method_comparision/ecgdn/eval/morphology.py:318: RuntimeWarning: All-NaN slice encountered
  out["qrs_dur_ref_ms"] = float(np.nanmedian(d_ref[:n]))
/home/user/ECG_denoising_method_comparision/ecgdn/eval/morphology.py:319: RuntimeWarning: All-NaN slice encountered
  out["qrs_dur_hat_ms"] = float(np.nanmedian(d_hat[:n]))
/home/user/ECG_denoising_method_comparision/ecgdn/eval/morphology.py:318: RuntimeWarning: All-NaN slice encountered
  out["qrs_dur_ref_ms"] = float(np.nanmedian(d_ref[:n]))
/home/user/ECG_denoising_method_comparision/ecgdn/eval/morphology.py:319: RuntimeWarning: All-NaN slice encountered
  out["qrs_dur_hat_ms"] = float(np.nanmedian(d_hat[:n]))
/home/user/ECG_denoising_method_comparision/ecgdn/eval/morphology.py:318: RuntimeWarning: All-NaN slice encountered
  out["qrs_dur_ref_ms"] = float(np.nanmedian(d_ref[:n]))
/home/user/ECG_denoising_method_comparision/ecgdn/eval/morphology.py:318: RuntimeWarning: All-NaN slice encountered
  out["qrs_dur_ref_ms"] = float(np.nanmedian(d_ref[:n]))
/home/user/ECG_denoising_method_comparision/ecgdn/eval/morphology.py:318: RuntimeWarning: All-NaN slice encountered
  out["qrs_dur_ref_ms"] = float(np.nanmedian(d_ref[:n]))
/home/user/ECG_denoising_method_comparision/ecgdn/eval/morphology.py:318: RuntimeWarning: All-NaN slice encountered
  out["qrs_dur_ref_ms"] = float(np.nanmedian(d_ref[:n]))
/home/user/ECG_denoising_method_comparision/ecgdn/eval/morphology.py:318: RuntimeWarning: All-NaN slice encountered
  out["qrs_dur_ref_ms"] = float(np.nanmedian(d_ref[:n]))
/home/user/ECG_denoising_method_comparision/ecgdn/eval/morphology.py:319: RuntimeWarning: All-NaN slice encountered
  out["qrs_dur_hat_ms"] = float(np.nanmedian(d_hat[:n]))
/home/user/ECG_denoising_method_comparision/ecgdn/eval/morphology.py:318: RuntimeWarning: All-NaN slice encountered
  out["qrs_dur_ref_ms"] = float(np.nanmedian(d_ref[:n]))
/home/user/ECG_denoising_method_comparision/ecgdn/eval/morphology.py:319: RuntimeWarning: All-NaN slice encountered
  out["qrs_dur_hat_ms"] = float(np.nanmedian(d_hat[:n]))
/home/user/ECG_denoising_method_comparision/ecgdn/eval/morphology.py:318: RuntimeWarning: All-NaN slice encountered
  out["qrs_dur_ref_ms"] = float(np.nanmedian(d_ref[:n]))
/home/user/ECG_denoising_method_comparision/ecgdn/eval/morphology.py:319: RuntimeWarning: All-NaN slice encountered
  out["qrs_dur_hat_ms"] = float(np.nanmedian(d_hat[:n]))
/home/user/ECG_denoising_method_comparision/ecgdn/eval/morphology.py:318: RuntimeWarning: All-NaN slice encountered
  out["qrs_dur_ref_ms"] = float(np.nanmedian(d_ref[:n]))
/home/user/ECG_denoising_method_comparision/ecgdn/eval/morphology.py:318: RuntimeWarning: All-NaN slice encountered
  out["qrs_dur_ref_ms"] = float(np.nanmedian(d_ref[:n]))
/home/user/ECG_denoising_method_comparision/ecgdn/eval/morphology.py:318: RuntimeWarning: All-NaN slice encountered
  out["qrs_dur_ref_ms"] = float(np.nanmedian(d_ref[:n]))
/home/user/ECG_denoising_method_comparision/ecgdn/eval/morphology.py:318: RuntimeWarning: All-NaN slice encountered
  out["qrs_dur_ref_ms"] = float(np.nanmedian(d_ref[:n]))
/home/user/ECG_denoising_method_comparision/ecgdn/eval/morphology.py:318: RuntimeWarning: All-NaN slice encountered
  out["qrs_dur_ref_ms"] = float(np.nanmedian(d_ref[:n]))
/home/user/ECG_denoising_method_comparision/ecgdn/eval/morphology.py:319: RuntimeWarning: All-NaN slice encountered
  out["qrs_dur_hat_ms"] = float(np.nanmedian(d_hat[:n]))
/home/user/ECG_denoising_method_comparision/ecgdn/eval/morphology.py:318: RuntimeWarning: All-NaN slice encountered
  out["qrs_dur_ref_ms"] = float(np.nanmedian(d_ref[:n]))
/home/user/ECG_denoising_method_comparision/ecgdn/eval/morphology.py:319: RuntimeWarning: All-NaN slice encountered
  out["qrs_dur_hat_ms"] = float(np.nanmedian(d_hat[:n]))
  90/132  437s  (eta 204s)
  100/132  489s  (eta 156s)
  110/132  533s  (eta 107s)
  120/132  578s  (eta 58s)
  130/132  630s  (eta 10s)
  132/132  640s  (eta 0s)

rows=37884  -> results/d0/abl_loss/metrics.parquet

=== snr_imp_scaled (mean) ===
snr_in_target   0.0    10.0  20.0
method                           
M06-L1         16.73  11.66  4.37
M06-L2         17.15  12.74  5.92
M06-L3         17.13  12.75  6.27
M08-L1         16.52  12.27  6.10
M08-L3         16.62  12.43  6.27
M08-L4         15.95  12.64  7.01
M_FE            7.20   5.76  4.61
