[exp_c] mode=distortion source=synthetic tag=d0 items=44 frontend=True methods=['M00', 'M_FE', 'M01', 'M02', 'M03', 'M04', 'M04np', 'M05f', 'M05', 'B01', 'B02', 'M06', 'M07', 'M08']
  10/44  108s  (eta 368s)
  20/44  215s  (eta 257s)
/home/user/ECG_denoising_method_comparision/ecgdn/eval/morphology.py:318: RuntimeWarning: All-NaN slice encountered
  out["qrs_dur_ref_ms"] = float(np.nanmedian(d_ref[:n]))
/home/user/ECG_denoising_method_comparision/ecgdn/eval/morphology.py:319: RuntimeWarning: All-NaN slice encountered
  out["qrs_dur_hat_ms"] = float(np.nanmedian(d_hat[:n]))
/home/user/ECG_denoising_method_comparision/ecgdn/eval/morphology.py:318: RuntimeWarning: All-NaN slice encountered
  out["qrs_dur_ref_ms"] = float(np.nanmedian(d_ref[:n]))
/home/user/ECG_denoising_method_comparision/ecgdn/eval/morphology.py:319: RuntimeWarning: All-NaN slice encountered
  out["qrs_dur_hat_ms"] = float(np.nanmedian(d_hat[:n]))
/home/user/ECG_denoising_method_comparision/ecgdn/eval/morphology.py:318: RuntimeWarning: All-NaN slice encountered
  out["qrs_dur_ref_ms"] = float(np.nanmedian(d_ref[:n]))
/home/user/ECG_denoising_method_comparision/ecgdn/eval/morphology.py:319: RuntimeWarning: All-NaN slice encountered
  out["qrs_dur_hat_ms"] = float(np.nanmedian(d_hat[:n]))
/home/user/ECG_denoising_method_comparision/ecgdn/eval/morphology.py:318: RuntimeWarning: All-NaN slice encountered
  out["qrs_dur_ref_ms"] = float(np.nanmedian(d_ref[:n]))
/home/user/ECG_denoising_method_comparision/ecgdn/eval/morphology.py:319: RuntimeWarning: All-NaN slice encountered
  out["qrs_dur_hat_ms"] = float(np.nanmedian(d_hat[:n]))
/home/user/ECG_denoising_method_comparision/ecgdn/eval/morphology.py:318: RuntimeWarning: All-NaN slice encountered
  out["qrs_dur_ref_ms"] = float(np.nanmedian(d_ref[:n]))
/home/user/ECG_denoising_method_comparision/ecgdn/eval/morphology.py:319: RuntimeWarning: All-NaN slice encountered
  out["qrs_dur_hat_ms"] = float(np.nanmedian(d_hat[:n]))
/home/user/ECG_denoising_method_comparision/ecgdn/eval/morphology.py:318: RuntimeWarning: All-NaN slice encountered
  out["qrs_dur_ref_ms"] = float(np.nanmedian(d_ref[:n]))
/home/user/ECG_denoising_method_comparision/ecgdn/eval/morphology.py:319: RuntimeWarning: All-NaN slice encountered
  out["qrs_dur_hat_ms"] = float(np.nanmedian(d_hat[:n]))
/home/user/ECG_denoising_method_comparision/ecgdn/eval/morphology.py:318: RuntimeWarning: All-NaN slice encountered
  out["qrs_dur_ref_ms"] = float(np.nanmedian(d_ref[:n]))
/home/user/ECG_denoising_method_comparision/ecgdn/eval/morphology.py:319: RuntimeWarning: All-NaN slice encountered
  out["qrs_dur_hat_ms"] = float(np.nanmedian(d_hat[:n]))
/home/user/ECG_denoising_method_comparision/ecgdn/eval/morphology.py:318: RuntimeWarning: All-NaN slice encountered
  out["qrs_dur_ref_ms"] = float(np.nanmedian(d_ref[:n]))
/home/user/ECG_denoising_method_comparision/ecgdn/eval/morphology.py:318: RuntimeWarning: All-NaN slice encountered
  out["qrs_dur_ref_ms"] = float(np.nanmedian(d_ref[:n]))
/home/user/ECG_denoising_method_comparision/ecgdn/eval/morphology.py:318: RuntimeWarning: All-NaN slice encountered
  out["qrs_dur_ref_ms"] = float(np.nanmedian(d_ref[:n]))
/home/user/ECG_denoising_method_comparision/ecgdn/eval/morphology.py:319: RuntimeWarning: All-NaN slice encountered
  out["qrs_dur_hat_ms"] = float(np.nanmedian(d_hat[:n]))
/home/user/ECG_denoising_method_comparision/ecgdn/eval/morphology.py:318: RuntimeWarning: All-NaN slice encountered
  out["qrs_dur_ref_ms"] = float(np.nanmedian(d_ref[:n]))
/home/user/ECG_denoising_method_comparision/ecgdn/eval/morphology.py:319: RuntimeWarning: All-NaN slice encountered
  out["qrs_dur_hat_ms"] = float(np.nanmedian(d_hat[:n]))
/home/user/ECG_denoising_method_comparision/ecgdn/eval/morphology.py:318: RuntimeWarning: All-NaN slice encountered
  out["qrs_dur_ref_ms"] = float(np.nanmedian(d_ref[:n]))
/home/user/ECG_denoising_method_comparision/ecgdn/eval/morphology.py:318: RuntimeWarning: All-NaN slice encountered
  out["qrs_dur_ref_ms"] = float(np.nanmedian(d_ref[:n]))
/home/user/ECG_denoising_method_comparision/ecgdn/eval/morphology.py:319: RuntimeWarning: All-NaN slice encountered
  out["qrs_dur_hat_ms"] = float(np.nanmedian(d_hat[:n]))
/home/user/ECG_denoising_method_comparision/ecgdn/eval/morphology.py:318: RuntimeWarning: All-NaN slice encountered
  out["qrs_dur_ref_ms"] = float(np.nanmedian(d_ref[:n]))
/home/user/ECG_denoising_method_comparision/ecgdn/eval/morphology.py:318: RuntimeWarning: All-NaN slice encountered
  out["qrs_dur_ref_ms"] = float(np.nanmedian(d_ref[:n]))
/home/user/ECG_denoising_method_comparision/ecgdn/eval/morphology.py:319: RuntimeWarning: All-NaN slice encountered
  out["qrs_dur_hat_ms"] = float(np.nanmedian(d_hat[:n]))
/home/user/ECG_denoising_method_comparision/ecgdn/eval/morphology.py:318: RuntimeWarning: All-NaN slice encountered
  out["qrs_dur_ref_ms"] = float(np.nanmedian(d_ref[:n]))
/home/user/ECG_denoising_method_comparision/ecgdn/eval/morphology.py:319: RuntimeWarning: All-NaN slice encountered
  out["qrs_dur_hat_ms"] = float(np.nanmedian(d_hat[:n]))
/home/user/ECG_denoising_method_comparision/ecgdn/eval/morphology.py:318: RuntimeWarning: All-NaN slice encountered
  out["qrs_dur_ref_ms"] = float(np.nanmedian(d_ref[:n]))
/home/user/ECG_denoising_method_comparision/ecgdn/eval/morphology.py:319: RuntimeWarning: All-NaN slice encountered
  out["qrs_dur_hat_ms"] = float(np.nanmedian(d_hat[:n]))
/home/user/ECG_denoising_method_comparision/ecgdn/eval/morphology.py:318: RuntimeWarning: All-NaN slice encountered
  out["qrs_dur_ref_ms"] = float(np.nanmedian(d_ref[:n]))
/home/user/ECG_denoising_method_comparision/ecgdn/eval/morphology.py:319: RuntimeWarning: All-NaN slice encountered
  out["qrs_dur_hat_ms"] = float(np.nanmedian(d_hat[:n]))
/home/user/ECG_denoising_method_comparision/ecgdn/eval/morphology.py:318: RuntimeWarning: All-NaN slice encountered
  out["qrs_dur_ref_ms"] = float(np.nanmedian(d_ref[:n]))
/home/user/ECG_denoising_method_comparision/ecgdn/eval/morphology.py:319: RuntimeWarning: All-NaN slice encountered
  out["qrs_dur_hat_ms"] = float(np.nanmedian(d_hat[:n]))
/home/user/ECG_denoising_method_comparision/ecgdn/eval/morphology.py:318: RuntimeWarning: All-NaN slice encountered
  out["qrs_dur_ref_ms"] = float(np.nanmedian(d_ref[:n]))
/home/user/ECG_denoising_method_comparision/ecgdn/eval/morphology.py:319: RuntimeWarning: All-NaN slice encountered
  out["qrs_dur_hat_ms"] = float(np.nanmedian(d_hat[:n]))
/home/user/ECG_denoising_method_comparision/ecgdn/eval/morphology.py:318: RuntimeWarning: All-NaN slice encountered
  out["qrs_dur_ref_ms"] = float(np.nanmedian(d_ref[:n]))
/home/user/ECG_denoising_method_comparision/ecgdn/eval/morphology.py:319: RuntimeWarning: All-NaN slice encountered
  out["qrs_dur_hat_ms"] = float(np.nanmedian(d_hat[:n]))
/home/user/ECG_denoising_method_comparision/ecgdn/eval/morphology.py:318: RuntimeWarning: All-NaN slice encountered
  out["qrs_dur_ref_ms"] = float(np.nanmedian(d_ref[:n]))
/home/user/ECG_denoising_method_comparision/ecgdn/eval/morphology.py:318: RuntimeWarning: All-NaN slice encountered
  out["qrs_dur_ref_ms"] = float(np.nanmedian(d_ref[:n]))
/home/user/ECG_denoising_method_comparision/ecgdn/eval/morphology.py:318: RuntimeWarning: All-NaN slice encountered
  out["qrs_dur_ref_ms"] = float(np.nanmedian(d_ref[:n]))
/home/user/ECG_denoising_method_comparision/ecgdn/eval/morphology.py:319: RuntimeWarning: All-NaN slice encountered
  out["qrs_dur_hat_ms"] = float(np.nanmedian(d_hat[:n]))
/home/user/ECG_denoising_method_comparision/ecgdn/eval/morphology.py:318: RuntimeWarning: All-NaN slice encountered
  out["qrs_dur_ref_ms"] = float(np.nanmedian(d_ref[:n]))
/home/user/ECG_denoising_method_comparision/ecgdn/eval/morphology.py:319: RuntimeWarning: All-NaN slice encountered
  out["qrs_dur_hat_ms"] = float(np.nanmedian(d_hat[:n]))
/home/user/ECG_denoising_method_comparision/ecgdn/eval/morphology.py:318: RuntimeWarning: All-NaN slice encountered
  out["qrs_dur_ref_ms"] = float(np.nanmedian(d_ref[:n]))
/home/user/ECG_denoising_method_comparision/ecgdn/eval/morphology.py:318: RuntimeWarning: All-NaN slice encountered
  out["qrs_dur_ref_ms"] = float(np.nanmedian(d_ref[:n]))
/home/user/ECG_denoising_method_comparision/ecgdn/eval/morphology.py:319: RuntimeWarning: All-NaN slice encountered
  out["qrs_dur_hat_ms"] = float(np.nanmedian(d_hat[:n]))
/home/user/ECG_denoising_method_comparision/ecgdn/eval/morphology.py:318: RuntimeWarning: All-NaN slice encountered
  out["qrs_dur_ref_ms"] = float(np.nanmedian(d_ref[:n]))
  30/44  323s  (eta 151s)
  40/44  432s  (eta 43s)
  44/44  474s  (eta 0s)

rows=28952  -> results/d0/exp_c/metrics.parquet

=== snr_out_strict (mean) ===
snr_in_target    inf
method              
B01            34.13
B02            34.13
M00              inf
M01            22.23
M02            15.39
M03            32.33
M04            34.09
M04np          34.00
M05            18.00
M05f           15.48
M06            24.88
M07            22.69
M08            27.42
M_FE           34.13
