[swt] d1 튜닝값 적용 -> {'wavelet': 'sym4', 'level': 5, 'sigma_source': 'd1', 'k': (0.6, 0.2, 0.1, 0.3, 0.3), 'mode': 'hard', 'protect_qrs': False, 'protect_ms': 60.0, 'protect_rho': 0.3, 'threshold_approx': False}
[exp_c] mode=distortion source=mitdb tag=d1 items=44 frontend=True methods=['M00', 'M_FE', 'M01', 'M02', 'M03', 'M04', 'M04np', 'M05f', 'M05', 'B01', 'B02', 'M06', 'M07', 'M08', 'M10']
  10/44  123s  (eta 417s)
  20/44  228s  (eta 273s)
/home/user/ECG_denoising_method_comparision/ecgdn/eval/morphology.py:319: RuntimeWarning: All-NaN slice encountered
  out["qrs_dur_hat_ms"] = float(np.nanmedian(d_hat[:n]))
/home/user/ECG_denoising_method_comparision/ecgdn/eval/morphology.py:319: RuntimeWarning: All-NaN slice encountered
  out["qrs_dur_hat_ms"] = float(np.nanmedian(d_hat[:n]))
/home/user/ECG_denoising_method_comparision/ecgdn/eval/morphology.py:319: RuntimeWarning: All-NaN slice encountered
  out["qrs_dur_hat_ms"] = float(np.nanmedian(d_hat[:n]))
/home/user/ECG_denoising_method_comparision/ecgdn/eval/morphology.py:319: RuntimeWarning: All-NaN slice encountered
  out["qrs_dur_hat_ms"] = float(np.nanmedian(d_hat[:n]))
/home/user/ECG_denoising_method_comparision/ecgdn/eval/morphology.py:319: RuntimeWarning: All-NaN slice encountered
  out["qrs_dur_hat_ms"] = float(np.nanmedian(d_hat[:n]))
/home/user/ECG_denoising_method_comparision/ecgdn/eval/morphology.py:319: RuntimeWarning: All-NaN slice encountered
  out["qrs_dur_hat_ms"] = float(np.nanmedian(d_hat[:n]))
/home/user/ECG_denoising_method_comparision/ecgdn/eval/morphology.py:319: RuntimeWarning: All-NaN slice encountered
  out["qrs_dur_hat_ms"] = float(np.nanmedian(d_hat[:n]))
/home/user/ECG_denoising_method_comparision/ecgdn/eval/morphology.py:319: RuntimeWarning: All-NaN slice encountered
  out["qrs_dur_hat_ms"] = float(np.nanmedian(d_hat[:n]))
/home/user/ECG_denoising_method_comparision/ecgdn/eval/morphology.py:319: RuntimeWarning: All-NaN slice encountered
  out["qrs_dur_hat_ms"] = float(np.nanmedian(d_hat[:n]))
/home/user/ECG_denoising_method_comparision/ecgdn/eval/morphology.py:319: RuntimeWarning: All-NaN slice encountered
  out["qrs_dur_hat_ms"] = float(np.nanmedian(d_hat[:n]))
/home/user/ECG_denoising_method_comparision/ecgdn/eval/morphology.py:319: RuntimeWarning: All-NaN slice encountered
  out["qrs_dur_hat_ms"] = float(np.nanmedian(d_hat[:n]))
  30/44  331s  (eta 154s)
  40/44  464s  (eta 46s)
  44/44  507s  (eta 0s)

rows=31020  -> results/d1/exp_c/metrics.parquet

=== snr_out_strict (mean) ===
snr_in_target     inf
method               
B01             71.57
B02             50.41
M00             10.35
M01             27.79
M02             19.62
M03             21.50
M04             40.14
M04np           40.14
M05             18.92
M05f            17.76
M06             22.22
M07             20.07
M08             23.51
M10             20.59
M_FE           147.29
