[exp_a] mode=snr source=synthetic items=264 methods=['M00', 'M01', 'M02', 'M03', 'M04', 'M05f', 'M05', 'B01', 'B02', 'M06', 'M07', 'M08']
  10/264  65s  (eta 1653s)
  20/264  133s  (eta 1617s)
  30/264  203s  (eta 1580s)
  40/264  276s  (eta 1547s)
  50/264  347s  (eta 1486s)
  60/264  400s  (eta 1359s)
  70/264  457s  (eta 1267s)
  80/264  524s  (eta 1205s)
  90/264  588s  (eta 1137s)
  100/264  654s  (eta 1072s)
  110/264  724s  (eta 1014s)
  120/264  789s  (eta 947s)
  130/264  871s  (eta 898s)
  140/264  943s  (eta 835s)
  150/264  1013s  (eta 770s)
  160/264  1072s  (eta 697s)
/home/user/ECG_denoising_method_comparision/ecgdn/eval/morphology.py:318: RuntimeWarning: All-NaN slice encountered
  out["qrs_dur_ref_ms"] = float(np.nanmedian(d_ref[:n]))
/home/user/ECG_denoising_method_comparision/ecgdn/eval/morphology.py:318: RuntimeWarning: All-NaN slice encountered
  out["qrs_dur_ref_ms"] = float(np.nanmedian(d_ref[:n]))
/home/user/ECG_denoising_method_comparision/ecgdn/eval/morphology.py:318: RuntimeWarning: All-NaN slice encountered
  out["qrs_dur_ref_ms"] = float(np.nanmedian(d_ref[:n]))
/home/user/ECG_denoising_method_comparision/ecgdn/eval/morphology.py:318: RuntimeWarning: All-NaN slice encountered
  out["qrs_dur_ref_ms"] = float(np.nanmedian(d_ref[:n]))
/home/user/ECG_denoising_method_comparision/ecgdn/eval/morphology.py:318: RuntimeWarning: All-NaN slice encountered
  out["qrs_dur_ref_ms"] = float(np.nanmedian(d_ref[:n]))
/home/user/ECG_denoising_method_comparision/ecgdn/eval/morphology.py:318: RuntimeWarning: All-NaN slice encountered
  out["qrs_dur_ref_ms"] = float(np.nanmedian(d_ref[:n]))
/home/user/ECG_denoising_method_comparision/ecgdn/eval/morphology.py:318: RuntimeWarning: All-NaN slice encountered
  out["qrs_dur_ref_ms"] = float(np.nanmedian(d_ref[:n]))
/home/user/ECG_denoising_method_comparision/ecgdn/eval/morphology.py:318: RuntimeWarning: All-NaN slice encountered
  out["qrs_dur_ref_ms"] = float(np.nanmedian(d_ref[:n]))
/home/user/ECG_denoising_method_comparision/ecgdn/eval/morphology.py:318: RuntimeWarning: All-NaN slice encountered
  out["qrs_dur_ref_ms"] = float(np.nanmedian(d_ref[:n]))
/home/user/ECG_denoising_method_comparision/ecgdn/eval/morphology.py:318: RuntimeWarning: All-NaN slice encountered
  out["qrs_dur_ref_ms"] = float(np.nanmedian(d_ref[:n]))
/home/user/ECG_denoising_method_comparision/ecgdn/eval/morphology.py:318: RuntimeWarning: All-NaN slice encountered
  out["qrs_dur_ref_ms"] = float(np.nanmedian(d_ref[:n]))
/home/user/ECG_denoising_method_comparision/ecgdn/eval/morphology.py:318: RuntimeWarning: All-NaN slice encountered
  out["qrs_dur_ref_ms"] = float(np.nanmedian(d_ref[:n]))
/home/user/ECG_denoising_method_comparision/ecgdn/eval/morphology.py:318: RuntimeWarning: All-NaN slice encountered
  out["qrs_dur_ref_ms"] = float(np.nanmedian(d_ref[:n]))
/home/user/ECG_denoising_method_comparision/ecgdn/eval/morphology.py:318: RuntimeWarning: All-NaN slice encountered
  out["qrs_dur_ref_ms"] = float(np.nanmedian(d_ref[:n]))
/home/user/ECG_denoising_method_comparision/ecgdn/eval/morphology.py:318: RuntimeWarning: All-NaN slice encountered
  out["qrs_dur_ref_ms"] = float(np.nanmedian(d_ref[:n]))
/home/user/ECG_denoising_method_comparision/ecgdn/eval/morphology.py:318: RuntimeWarning: All-NaN slice encountered
  out["qrs_dur_ref_ms"] = float(np.nanmedian(d_ref[:n]))
/home/user/ECG_denoising_method_comparision/ecgdn/eval/morphology.py:318: RuntimeWarning: All-NaN slice encountered
  out["qrs_dur_ref_ms"] = float(np.nanmedian(d_ref[:n]))
/home/user/ECG_denoising_method_comparision/ecgdn/eval/morphology.py:318: RuntimeWarning: All-NaN slice encountered
  out["qrs_dur_ref_ms"] = float(np.nanmedian(d_ref[:n]))
/home/user/ECG_denoising_method_comparision/ecgdn/eval/morphology.py:318: RuntimeWarning: All-NaN slice encountered
  out["qrs_dur_ref_ms"] = float(np.nanmedian(d_ref[:n]))
/home/user/ECG_denoising_method_comparision/ecgdn/eval/morphology.py:318: RuntimeWarning: All-NaN slice encountered
  out["qrs_dur_ref_ms"] = float(np.nanmedian(d_ref[:n]))
/home/user/ECG_denoising_method_comparision/ecgdn/eval/morphology.py:318: RuntimeWarning: All-NaN slice encountered
  out["qrs_dur_ref_ms"] = float(np.nanmedian(d_ref[:n]))
/home/user/ECG_denoising_method_comparision/ecgdn/eval/morphology.py:318: RuntimeWarning: All-NaN slice encountered
  out["qrs_dur_ref_ms"] = float(np.nanmedian(d_ref[:n]))
/home/user/ECG_denoising_method_comparision/ecgdn/eval/morphology.py:318: RuntimeWarning: All-NaN slice encountered
  out["qrs_dur_ref_ms"] = float(np.nanmedian(d_ref[:n]))
/home/user/ECG_denoising_method_comparision/ecgdn/eval/morphology.py:318: RuntimeWarning: All-NaN slice encountered
  out["qrs_dur_ref_ms"] = float(np.nanmedian(d_ref[:n]))
  170/264  1131s  (eta 626s)
/home/user/ECG_denoising_method_comparision/ecgdn/eval/morphology.py:318: RuntimeWarning: All-NaN slice encountered
  out["qrs_dur_ref_ms"] = float(np.nanmedian(d_ref[:n]))
/home/user/ECG_denoising_method_comparision/ecgdn/eval/morphology.py:318: RuntimeWarning: All-NaN slice encountered
  out["qrs_dur_ref_ms"] = float(np.nanmedian(d_ref[:n]))
/home/user/ECG_denoising_method_comparision/ecgdn/eval/morphology.py:318: RuntimeWarning: All-NaN slice encountered
  out["qrs_dur_ref_ms"] = float(np.nanmedian(d_ref[:n]))
/home/user/ECG_denoising_method_comparision/ecgdn/eval/morphology.py:318: RuntimeWarning: All-NaN slice encountered
  out["qrs_dur_ref_ms"] = float(np.nanmedian(d_ref[:n]))
/home/user/ECG_denoising_method_comparision/ecgdn/eval/morphology.py:318: RuntimeWarning: All-NaN slice encountered
  out["qrs_dur_ref_ms"] = float(np.nanmedian(d_ref[:n]))
/home/user/ECG_denoising_method_comparision/ecgdn/eval/morphology.py:318: RuntimeWarning: All-NaN slice encountered
  out["qrs_dur_ref_ms"] = float(np.nanmedian(d_ref[:n]))
/home/user/ECG_denoising_method_comparision/ecgdn/eval/morphology.py:318: RuntimeWarning: All-NaN slice encountered
  out["qrs_dur_ref_ms"] = float(np.nanmedian(d_ref[:n]))
/home/user/ECG_denoising_method_comparision/ecgdn/eval/morphology.py:318: RuntimeWarning: All-NaN slice encountered
  out["qrs_dur_ref_ms"] = float(np.nanmedian(d_ref[:n]))
/home/user/ECG_denoising_method_comparision/ecgdn/eval/morphology.py:318: RuntimeWarning: All-NaN slice encountered
  out["qrs_dur_ref_ms"] = float(np.nanmedian(d_ref[:n]))
/home/user/ECG_denoising_method_comparision/ecgdn/eval/morphology.py:318: RuntimeWarning: All-NaN slice encountered
  out["qrs_dur_ref_ms"] = float(np.nanmedian(d_ref[:n]))
/home/user/ECG_denoising_method_comparision/ecgdn/eval/morphology.py:318: RuntimeWarning: All-NaN slice encountered
  out["qrs_dur_ref_ms"] = float(np.nanmedian(d_ref[:n]))
/home/user/ECG_denoising_method_comparision/ecgdn/eval/morphology.py:318: RuntimeWarning: All-NaN slice encountered
  out["qrs_dur_ref_ms"] = float(np.nanmedian(d_ref[:n]))
/home/user/ECG_denoising_method_comparision/ecgdn/eval/morphology.py:318: RuntimeWarning: All-NaN slice encountered
  out["qrs_dur_ref_ms"] = float(np.nanmedian(d_ref[:n]))
/home/user/ECG_denoising_method_comparision/ecgdn/eval/morphology.py:318: RuntimeWarning: All-NaN slice encountered
  out["qrs_dur_ref_ms"] = float(np.nanmedian(d_ref[:n]))
/home/user/ECG_denoising_method_comparision/ecgdn/eval/morphology.py:318: RuntimeWarning: All-NaN slice encountered
  out["qrs_dur_ref_ms"] = float(np.nanmedian(d_ref[:n]))
/home/user/ECG_denoising_method_comparision/ecgdn/eval/morphology.py:318: RuntimeWarning: All-NaN slice encountered
  out["qrs_dur_ref_ms"] = float(np.nanmedian(d_ref[:n]))
/home/user/ECG_denoising_method_comparision/ecgdn/eval/morphology.py:318: RuntimeWarning: All-NaN slice encountered
  out["qrs_dur_ref_ms"] = float(np.nanmedian(d_ref[:n]))
/home/user/ECG_denoising_method_comparision/ecgdn/eval/morphology.py:318: RuntimeWarning: All-NaN slice encountered
  out["qrs_dur_ref_ms"] = float(np.nanmedian(d_ref[:n]))
/home/user/ECG_denoising_method_comparision/ecgdn/eval/morphology.py:318: RuntimeWarning: All-NaN slice encountered
  out["qrs_dur_ref_ms"] = float(np.nanmedian(d_ref[:n]))
/home/user/ECG_denoising_method_comparision/ecgdn/eval/morphology.py:318: RuntimeWarning: All-NaN slice encountered
  out["qrs_dur_ref_ms"] = float(np.nanmedian(d_ref[:n]))
/home/user/ECG_denoising_method_comparision/ecgdn/eval/morphology.py:318: RuntimeWarning: All-NaN slice encountered
  out["qrs_dur_ref_ms"] = float(np.nanmedian(d_ref[:n]))
/home/user/ECG_denoising_method_comparision/ecgdn/eval/morphology.py:318: RuntimeWarning: All-NaN slice encountered
  out["qrs_dur_ref_ms"] = float(np.nanmedian(d_ref[:n]))
/home/user/ECG_denoising_method_comparision/ecgdn/eval/morphology.py:318: RuntimeWarning: All-NaN slice encountered
  out["qrs_dur_ref_ms"] = float(np.nanmedian(d_ref[:n]))
/home/user/ECG_denoising_method_comparision/ecgdn/eval/morphology.py:318: RuntimeWarning: All-NaN slice encountered
  out["qrs_dur_ref_ms"] = float(np.nanmedian(d_ref[:n]))
/home/user/ECG_denoising_method_comparision/ecgdn/eval/morphology.py:319: RuntimeWarning: All-NaN slice encountered
  out["qrs_dur_hat_ms"] = float(np.nanmedian(d_hat[:n]))
/home/user/ECG_denoising_method_comparision/ecgdn/eval/morphology.py:318: RuntimeWarning: All-NaN slice encountered
  out["qrs_dur_ref_ms"] = float(np.nanmedian(d_ref[:n]))
/home/user/ECG_denoising_method_comparision/ecgdn/eval/morphology.py:318: RuntimeWarning: All-NaN slice encountered
  out["qrs_dur_ref_ms"] = float(np.nanmedian(d_ref[:n]))
/home/user/ECG_denoising_method_comparision/ecgdn/eval/morphology.py:318: RuntimeWarning: All-NaN slice encountered
  out["qrs_dur_ref_ms"] = float(np.nanmedian(d_ref[:n]))
/home/user/ECG_denoising_method_comparision/ecgdn/eval/morphology.py:318: RuntimeWarning: All-NaN slice encountered
  out["qrs_dur_ref_ms"] = float(np.nanmedian(d_ref[:n]))
/home/user/ECG_denoising_method_comparision/ecgdn/eval/morphology.py:318: RuntimeWarning: All-NaN slice encountered
  out["qrs_dur_ref_ms"] = float(np.nanmedian(d_ref[:n]))
/home/user/ECG_denoising_method_comparision/ecgdn/eval/morphology.py:318: RuntimeWarning: All-NaN slice encountered
  out["qrs_dur_ref_ms"] = float(np.nanmedian(d_ref[:n]))
/home/user/ECG_denoising_method_comparision/ecgdn/eval/morphology.py:318: RuntimeWarning: All-NaN slice encountered
  out["qrs_dur_ref_ms"] = float(np.nanmedian(d_ref[:n]))
/home/user/ECG_denoising_method_comparision/ecgdn/eval/morphology.py:318: RuntimeWarning: All-NaN slice encountered
  out["qrs_dur_ref_ms"] = float(np.nanmedian(d_ref[:n]))
/home/user/ECG_denoising_method_comparision/ecgdn/eval/morphology.py:318: RuntimeWarning: All-NaN slice encountered
  out["qrs_dur_ref_ms"] = float(np.nanmedian(d_ref[:n]))
/home/user/ECG_denoising_method_comparision/ecgdn/eval/morphology.py:318: RuntimeWarning: All-NaN slice encountered
  out["qrs_dur_ref_ms"] = float(np.nanmedian(d_ref[:n]))
/home/user/ECG_denoising_method_comparision/ecgdn/eval/morphology.py:318: RuntimeWarning: All-NaN slice encountered
  out["qrs_dur_ref_ms"] = float(np.nanmedian(d_ref[:n]))
/home/user/ECG_denoising_method_comparision/ecgdn/eval/morphology.py:318: RuntimeWarning: All-NaN slice encountered
  out["qrs_dur_ref_ms"] = float(np.nanmedian(d_ref[:n]))
/home/user/ECG_denoising_method_comparision/ecgdn/eval/morphology.py:319: RuntimeWarning: All-NaN slice encountered
  out["qrs_dur_hat_ms"] = float(np.nanmedian(d_hat[:n]))
/home/user/ECG_denoising_method_comparision/ecgdn/eval/morphology.py:318: RuntimeWarning: All-NaN slice encountered
  out["qrs_dur_ref_ms"] = float(np.nanmedian(d_ref[:n]))
/home/user/ECG_denoising_method_comparision/ecgdn/eval/morphology.py:318: RuntimeWarning: All-NaN slice encountered
  out["qrs_dur_ref_ms"] = float(np.nanmedian(d_ref[:n]))
/home/user/ECG_denoising_method_comparision/ecgdn/eval/morphology.py:318: RuntimeWarning: All-NaN slice encountered
  out["qrs_dur_ref_ms"] = float(np.nanmedian(d_ref[:n]))
/home/user/ECG_denoising_method_comparision/ecgdn/eval/morphology.py:318: RuntimeWarning: All-NaN slice encountered
  out["qrs_dur_ref_ms"] = float(np.nanmedian(d_ref[:n]))
/home/user/ECG_denoising_method_comparision/ecgdn/eval/morphology.py:318: RuntimeWarning: All-NaN slice encountered
  out["qrs_dur_ref_ms"] = float(np.nanmedian(d_ref[:n]))
/home/user/ECG_denoising_method_comparision/ecgdn/eval/morphology.py:318: RuntimeWarning: All-NaN slice encountered
  out["qrs_dur_ref_ms"] = float(np.nanmedian(d_ref[:n]))
/home/user/ECG_denoising_method_comparision/ecgdn/eval/morphology.py:318: RuntimeWarning: All-NaN slice encountered
  out["qrs_dur_ref_ms"] = float(np.nanmedian(d_ref[:n]))
/home/user/ECG_denoising_method_comparision/ecgdn/eval/morphology.py:318: RuntimeWarning: All-NaN slice encountered
  out["qrs_dur_ref_ms"] = float(np.nanmedian(d_ref[:n]))
/home/user/ECG_denoising_method_comparision/ecgdn/eval/morphology.py:318: RuntimeWarning: All-NaN slice encountered
  out["qrs_dur_ref_ms"] = float(np.nanmedian(d_ref[:n]))
/home/user/ECG_denoising_method_comparision/ecgdn/eval/morphology.py:318: RuntimeWarning: All-NaN slice encountered
  out["qrs_dur_ref_ms"] = float(np.nanmedian(d_ref[:n]))
/home/user/ECG_denoising_method_comparision/ecgdn/eval/morphology.py:318: RuntimeWarning: All-NaN slice encountered
  out["qrs_dur_ref_ms"] = float(np.nanmedian(d_ref[:n]))
/home/user/ECG_denoising_method_comparision/ecgdn/eval/morphology.py:318: RuntimeWarning: All-NaN slice encountered
  out["qrs_dur_ref_ms"] = float(np.nanmedian(d_ref[:n]))
/home/user/ECG_denoising_method_comparision/ecgdn/eval/morphology.py:319: RuntimeWarning: All-NaN slice encountered
  out["qrs_dur_hat_ms"] = float(np.nanmedian(d_hat[:n]))
/home/user/ECG_denoising_method_comparision/ecgdn/eval/morphology.py:318: RuntimeWarning: All-NaN slice encountered
  out["qrs_dur_ref_ms"] = float(np.nanmedian(d_ref[:n]))
/home/user/ECG_denoising_method_comparision/ecgdn/eval/morphology.py:318: RuntimeWarning: All-NaN slice encountered
  out["qrs_dur_ref_ms"] = float(np.nanmedian(d_ref[:n]))
/home/user/ECG_denoising_method_comparision/ecgdn/eval/morphology.py:318: RuntimeWarning: All-NaN slice encountered
  out["qrs_dur_ref_ms"] = float(np.nanmedian(d_ref[:n]))
/home/user/ECG_denoising_method_comparision/ecgdn/eval/morphology.py:318: RuntimeWarning: All-NaN slice encountered
  out["qrs_dur_ref_ms"] = float(np.nanmedian(d_ref[:n]))
/home/user/ECG_denoising_method_comparision/ecgdn/eval/morphology.py:318: RuntimeWarning: All-NaN slice encountered
  out["qrs_dur_ref_ms"] = float(np.nanmedian(d_ref[:n]))
/home/user/ECG_denoising_method_comparision/ecgdn/eval/morphology.py:318: RuntimeWarning: All-NaN slice encountered
  out["qrs_dur_ref_ms"] = float(np.nanmedian(d_ref[:n]))
/home/user/ECG_denoising_method_comparision/ecgdn/eval/morphology.py:318: RuntimeWarning: All-NaN slice encountered
  out["qrs_dur_ref_ms"] = float(np.nanmedian(d_ref[:n]))
/home/user/ECG_denoising_method_comparision/ecgdn/eval/morphology.py:318: RuntimeWarning: All-NaN slice encountered
  out["qrs_dur_ref_ms"] = float(np.nanmedian(d_ref[:n]))
/home/user/ECG_denoising_method_comparision/ecgdn/eval/morphology.py:318: RuntimeWarning: All-NaN slice encountered
  out["qrs_dur_ref_ms"] = float(np.nanmedian(d_ref[:n]))
/home/user/ECG_denoising_method_comparision/ecgdn/eval/morphology.py:318: RuntimeWarning: All-NaN slice encountered
  out["qrs_dur_ref_ms"] = float(np.nanmedian(d_ref[:n]))
/home/user/ECG_denoising_method_comparision/ecgdn/eval/morphology.py:318: RuntimeWarning: All-NaN slice encountered
  out["qrs_dur_ref_ms"] = float(np.nanmedian(d_ref[:n]))
/home/user/ECG_denoising_method_comparision/ecgdn/eval/morphology.py:318: RuntimeWarning: All-NaN slice encountered
  out["qrs_dur_ref_ms"] = float(np.nanmedian(d_ref[:n]))
/home/user/ECG_denoising_method_comparision/ecgdn/eval/morphology.py:318: RuntimeWarning: All-NaN slice encountered
  out["qrs_dur_ref_ms"] = float(np.nanmedian(d_ref[:n]))
/home/user/ECG_denoising_method_comparision/ecgdn/eval/morphology.py:318: RuntimeWarning: All-NaN slice encountered
  out["qrs_dur_ref_ms"] = float(np.nanmedian(d_ref[:n]))
/home/user/ECG_denoising_method_comparision/ecgdn/eval/morphology.py:318: RuntimeWarning: All-NaN slice encountered
  out["qrs_dur_ref_ms"] = float(np.nanmedian(d_ref[:n]))
/home/user/ECG_denoising_method_comparision/ecgdn/eval/morphology.py:318: RuntimeWarning: All-NaN slice encountered
  out["qrs_dur_ref_ms"] = float(np.nanmedian(d_ref[:n]))
/home/user/ECG_denoising_method_comparision/ecgdn/eval/morphology.py:318: RuntimeWarning: All-NaN slice encountered
  out["qrs_dur_ref_ms"] = float(np.nanmedian(d_ref[:n]))
/home/user/ECG_denoising_method_comparision/ecgdn/eval/morphology.py:318: RuntimeWarning: All-NaN slice encountered
  out["qrs_dur_ref_ms"] = float(np.nanmedian(d_ref[:n]))
/home/user/ECG_denoising_method_comparision/ecgdn/eval/morphology.py:318: RuntimeWarning: All-NaN slice encountered
  out["qrs_dur_ref_ms"] = float(np.nanmedian(d_ref[:n]))
/home/user/ECG_denoising_method_comparision/ecgdn/eval/morphology.py:318: RuntimeWarning: All-NaN slice encountered
  out["qrs_dur_ref_ms"] = float(np.nanmedian(d_ref[:n]))
/home/user/ECG_denoising_method_comparision/ecgdn/eval/morphology.py:318: RuntimeWarning: All-NaN slice encountered
  out["qrs_dur_ref_ms"] = float(np.nanmedian(d_ref[:n]))
/home/user/ECG_denoising_method_comparision/ecgdn/eval/morphology.py:318: RuntimeWarning: All-NaN slice encountered
  out["qrs_dur_ref_ms"] = float(np.nanmedian(d_ref[:n]))
/home/user/ECG_denoising_method_comparision/ecgdn/eval/morphology.py:318: RuntimeWarning: All-NaN slice encountered
  out["qrs_dur_ref_ms"] = float(np.nanmedian(d_ref[:n]))
/home/user/ECG_denoising_method_comparision/ecgdn/eval/morphology.py:318: RuntimeWarning: All-NaN slice encountered
  out["qrs_dur_ref_ms"] = float(np.nanmedian(d_ref[:n]))
/home/user/ECG_denoising_method_comparision/ecgdn/eval/morphology.py:319: RuntimeWarning: All-NaN slice encountered
  out["qrs_dur_hat_ms"] = float(np.nanmedian(d_hat[:n]))
/home/user/ECG_denoising_method_comparision/ecgdn/eval/morphology.py:318: RuntimeWarning: All-NaN slice encountered
  out["qrs_dur_ref_ms"] = float(np.nanmedian(d_ref[:n]))
/home/user/ECG_denoising_method_comparision/ecgdn/eval/morphology.py:318: RuntimeWarning: All-NaN slice encountered
  out["qrs_dur_ref_ms"] = float(np.nanmedian(d_ref[:n]))
/home/user/ECG_denoising_method_comparision/ecgdn/eval/morphology.py:318: RuntimeWarning: All-NaN slice encountered
  out["qrs_dur_ref_ms"] = float(np.nanmedian(d_ref[:n]))
/home/user/ECG_denoising_method_comparision/ecgdn/eval/morphology.py:318: RuntimeWarning: All-NaN slice encountered
  out["qrs_dur_ref_ms"] = float(np.nanmedian(d_ref[:n]))
/home/user/ECG_denoising_method_comparision/ecgdn/eval/morphology.py:318: RuntimeWarning: All-NaN slice encountered
  out["qrs_dur_ref_ms"] = float(np.nanmedian(d_ref[:n]))
/home/user/ECG_denoising_method_comparision/ecgdn/eval/morphology.py:318: RuntimeWarning: All-NaN slice encountered
  out["qrs_dur_ref_ms"] = float(np.nanmedian(d_ref[:n]))
/home/user/ECG_denoising_method_comparision/ecgdn/eval/morphology.py:318: RuntimeWarning: All-NaN slice encountered
  out["qrs_dur_ref_ms"] = float(np.nanmedian(d_ref[:n]))
/home/user/ECG_denoising_method_comparision/ecgdn/eval/morphology.py:318: RuntimeWarning: All-NaN slice encountered
  out["qrs_dur_ref_ms"] = float(np.nanmedian(d_ref[:n]))
/home/user/ECG_denoising_method_comparision/ecgdn/eval/morphology.py:318: RuntimeWarning: All-NaN slice encountered
  out["qrs_dur_ref_ms"] = float(np.nanmedian(d_ref[:n]))
/home/user/ECG_denoising_method_comparision/ecgdn/eval/morphology.py:318: RuntimeWarning: All-NaN slice encountered
  out["qrs_dur_ref_ms"] = float(np.nanmedian(d_ref[:n]))
/home/user/ECG_denoising_method_comparision/ecgdn/eval/morphology.py:318: RuntimeWarning: All-NaN slice encountered
  out["qrs_dur_ref_ms"] = float(np.nanmedian(d_ref[:n]))
/home/user/ECG_denoising_method_comparision/ecgdn/eval/morphology.py:318: RuntimeWarning: All-NaN slice encountered
  out["qrs_dur_ref_ms"] = float(np.nanmedian(d_ref[:n]))
/home/user/ECG_denoising_method_comparision/ecgdn/eval/morphology.py:319: RuntimeWarning: All-NaN slice encountered
  out["qrs_dur_hat_ms"] = float(np.nanmedian(d_hat[:n]))
/home/user/ECG_denoising_method_comparision/ecgdn/eval/morphology.py:318: RuntimeWarning: All-NaN slice encountered
  out["qrs_dur_ref_ms"] = float(np.nanmedian(d_ref[:n]))
/home/user/ECG_denoising_method_comparision/ecgdn/eval/morphology.py:318: RuntimeWarning: All-NaN slice encountered
  out["qrs_dur_ref_ms"] = float(np.nanmedian(d_ref[:n]))
/home/user/ECG_denoising_method_comparision/ecgdn/eval/morphology.py:318: RuntimeWarning: All-NaN slice encountered
  out["qrs_dur_ref_ms"] = float(np.nanmedian(d_ref[:n]))
/home/user/ECG_denoising_method_comparision/ecgdn/eval/morphology.py:318: RuntimeWarning: All-NaN slice encountered
  out["qrs_dur_ref_ms"] = float(np.nanmedian(d_ref[:n]))
/home/user/ECG_denoising_method_comparision/ecgdn/eval/morphology.py:318: RuntimeWarning: All-NaN slice encountered
  out["qrs_dur_ref_ms"] = float(np.nanmedian(d_ref[:n]))
/home/user/ECG_denoising_method_comparision/ecgdn/eval/morphology.py:318: RuntimeWarning: All-NaN slice encountered
  out["qrs_dur_ref_ms"] = float(np.nanmedian(d_ref[:n]))
/home/user/ECG_denoising_method_comparision/ecgdn/eval/morphology.py:318: RuntimeWarning: All-NaN slice encountered
  out["qrs_dur_ref_ms"] = float(np.nanmedian(d_ref[:n]))
/home/user/ECG_denoising_method_comparision/ecgdn/eval/morphology.py:318: RuntimeWarning: All-NaN slice encountered
  out["qrs_dur_ref_ms"] = float(np.nanmedian(d_ref[:n]))
/home/user/ECG_denoising_method_comparision/ecgdn/eval/morphology.py:318: RuntimeWarning: All-NaN slice encountered
  out["qrs_dur_ref_ms"] = float(np.nanmedian(d_ref[:n]))
/home/user/ECG_denoising_method_comparision/ecgdn/eval/morphology.py:318: RuntimeWarning: All-NaN slice encountered
  out["qrs_dur_ref_ms"] = float(np.nanmedian(d_ref[:n]))
/home/user/ECG_denoising_method_comparision/ecgdn/eval/morphology.py:318: RuntimeWarning: All-NaN slice encountered
  out["qrs_dur_ref_ms"] = float(np.nanmedian(d_ref[:n]))
/home/user/ECG_denoising_method_comparision/ecgdn/eval/morphology.py:318: RuntimeWarning: All-NaN slice encountered
  out["qrs_dur_ref_ms"] = float(np.nanmedian(d_ref[:n]))
/home/user/ECG_denoising_method_comparision/ecgdn/eval/morphology.py:319: RuntimeWarning: All-NaN slice encountered
  out["qrs_dur_hat_ms"] = float(np.nanmedian(d_hat[:n]))
/home/user/ECG_denoising_method_comparision/ecgdn/eval/morphology.py:318: RuntimeWarning: All-NaN slice encountered
  out["qrs_dur_ref_ms"] = float(np.nanmedian(d_ref[:n]))
/home/user/ECG_denoising_method_comparision/ecgdn/eval/morphology.py:318: RuntimeWarning: All-NaN slice encountered
  out["qrs_dur_ref_ms"] = float(np.nanmedian(d_ref[:n]))
/home/user/ECG_denoising_method_comparision/ecgdn/eval/morphology.py:318: RuntimeWarning: All-NaN slice encountered
  out["qrs_dur_ref_ms"] = float(np.nanmedian(d_ref[:n]))
/home/user/ECG_denoising_method_comparision/ecgdn/eval/morphology.py:318: RuntimeWarning: All-NaN slice encountered
  out["qrs_dur_ref_ms"] = float(np.nanmedian(d_ref[:n]))
/home/user/ECG_denoising_method_comparision/ecgdn/eval/morphology.py:318: RuntimeWarning: All-NaN slice encountered
  out["qrs_dur_ref_ms"] = float(np.nanmedian(d_ref[:n]))
/home/user/ECG_denoising_method_comparision/ecgdn/eval/morphology.py:318: RuntimeWarning: All-NaN slice encountered
  out["qrs_dur_ref_ms"] = float(np.nanmedian(d_ref[:n]))
/home/user/ECG_denoising_method_comparision/ecgdn/eval/morphology.py:318: RuntimeWarning: All-NaN slice encountered
  out["qrs_dur_ref_ms"] = float(np.nanmedian(d_ref[:n]))
/home/user/ECG_denoising_method_comparision/ecgdn/eval/morphology.py:318: RuntimeWarning: All-NaN slice encountered
  out["qrs_dur_ref_ms"] = float(np.nanmedian(d_ref[:n]))
/home/user/ECG_denoising_method_comparision/ecgdn/eval/morphology.py:318: RuntimeWarning: All-NaN slice encountered
  out["qrs_dur_ref_ms"] = float(np.nanmedian(d_ref[:n]))
/home/user/ECG_denoising_method_comparision/ecgdn/eval/morphology.py:318: RuntimeWarning: All-NaN slice encountered
  out["qrs_dur_ref_ms"] = float(np.nanmedian(d_ref[:n]))
/home/user/ECG_denoising_method_comparision/ecgdn/eval/morphology.py:318: RuntimeWarning: All-NaN slice encountered
  out["qrs_dur_ref_ms"] = float(np.nanmedian(d_ref[:n]))
/home/user/ECG_denoising_method_comparision/ecgdn/eval/morphology.py:318: RuntimeWarning: All-NaN slice encountered
  out["qrs_dur_ref_ms"] = float(np.nanmedian(d_ref[:n]))
/home/user/ECG_denoising_method_comparision/ecgdn/eval/morphology.py:319: RuntimeWarning: All-NaN slice encountered
  out["qrs_dur_hat_ms"] = float(np.nanmedian(d_hat[:n]))
/home/user/ECG_denoising_method_comparision/ecgdn/eval/morphology.py:318: RuntimeWarning: All-NaN slice encountered
  out["qrs_dur_ref_ms"] = float(np.nanmedian(d_ref[:n]))
/home/user/ECG_denoising_method_comparision/ecgdn/eval/morphology.py:318: RuntimeWarning: All-NaN slice encountered
  out["qrs_dur_ref_ms"] = float(np.nanmedian(d_ref[:n]))
/home/user/ECG_denoising_method_comparision/ecgdn/eval/morphology.py:318: RuntimeWarning: All-NaN slice encountered
  out["qrs_dur_ref_ms"] = float(np.nanmedian(d_ref[:n]))
/home/user/ECG_denoising_method_comparision/ecgdn/eval/morphology.py:318: RuntimeWarning: All-NaN slice encountered
  out["qrs_dur_ref_ms"] = float(np.nanmedian(d_ref[:n]))
/home/user/ECG_denoising_method_comparision/ecgdn/eval/morphology.py:318: RuntimeWarning: All-NaN slice encountered
  out["qrs_dur_ref_ms"] = float(np.nanmedian(d_ref[:n]))
/home/user/ECG_denoising_method_comparision/ecgdn/eval/morphology.py:318: RuntimeWarning: All-NaN slice encountered
  out["qrs_dur_ref_ms"] = float(np.nanmedian(d_ref[:n]))
/home/user/ECG_denoising_method_comparision/ecgdn/eval/morphology.py:318: RuntimeWarning: All-NaN slice encountered
  out["qrs_dur_ref_ms"] = float(np.nanmedian(d_ref[:n]))
/home/user/ECG_denoising_method_comparision/ecgdn/eval/morphology.py:318: RuntimeWarning: All-NaN slice encountered
  out["qrs_dur_ref_ms"] = float(np.nanmedian(d_ref[:n]))
/home/user/ECG_denoising_method_comparision/ecgdn/eval/morphology.py:318: RuntimeWarning: All-NaN slice encountered
  out["qrs_dur_ref_ms"] = float(np.nanmedian(d_ref[:n]))
/home/user/ECG_denoising_method_comparision/ecgdn/eval/morphology.py:318: RuntimeWarning: All-NaN slice encountered
  out["qrs_dur_ref_ms"] = float(np.nanmedian(d_ref[:n]))
/home/user/ECG_denoising_method_comparision/ecgdn/eval/morphology.py:318: RuntimeWarning: All-NaN slice encountered
  out["qrs_dur_ref_ms"] = float(np.nanmedian(d_ref[:n]))
/home/user/ECG_denoising_method_comparision/ecgdn/eval/morphology.py:318: RuntimeWarning: All-NaN slice encountered
  out["qrs_dur_ref_ms"] = float(np.nanmedian(d_ref[:n]))
/home/user/ECG_denoising_method_comparision/ecgdn/eval/morphology.py:319: RuntimeWarning: All-NaN slice encountered
  out["qrs_dur_hat_ms"] = float(np.nanmedian(d_hat[:n]))
  180/264  1196s  (eta 558s)
  190/264  1255s  (eta 489s)
  200/264  1315s  (eta 421s)
  210/264  1371s  (eta 352s)
  220/264  1434s  (eta 287s)
  230/264  1497s  (eta 221s)
  240/264  1553s  (eta 155s)
  250/264  1616s  (eta 91s)
  260/264  1681s  (eta 26s)
  264/264  1706s  (eta 0s)

rows=148896  -> results/exp_a/metrics.parquet

=== snr_imp_scaled (mean) ===
snr_in_target  -5.0    0.0    5.0    10.0   15.0   20.0
method                                                 
B01            15.86  14.52  13.31  12.08  10.63   8.57
B02            14.88  12.43  10.45   8.83   7.36   5.75
M00             6.20   3.02   1.20   0.42   0.14   0.04
M01            11.17   9.28   7.76   6.01   3.60   0.40
M02            10.99   8.75   6.35   3.33  -0.43  -4.81
M03            10.31   8.36   6.81   5.44   4.01   2.30
M04            11.71  10.31   9.41   8.68   7.79   6.39
M05            12.11  10.29   8.17   5.56   2.42  -1.93
M05f           10.74   8.42   5.99   3.15  -0.38  -4.82
M06            12.63  12.05  10.61   8.34   5.34   1.55
M07            18.54  16.72  13.54   9.56   5.20   0.59
M08            13.79  12.56  10.75   8.42   5.52   1.97
