[m08_l3] source=synthetic train_windows=2610 val_windows=580 model=wavelet_unet params=993,390 loss=L3
[resume] last.pt 가 없다. 처음부터 학습한다.
ep   1  train 0.02692  val 0.02214  snr_imp  +1.35 dB  gain 0.920  46.6s
ep   2  train 0.01751  val 0.01520  snr_imp  +2.38 dB  gain 0.964  51.2s
ep   3  train 0.01468  val 0.01237  snr_imp  +3.88 dB  gain 0.970  48.6s
ep   4  train 0.01180  val 0.01105  snr_imp  +4.35 dB  gain 0.973  47.7s
ep   5  train 0.01085  val 0.00992  snr_imp  +4.74 dB  gain 0.992  46.8s
ep   6  train 0.00940  val 0.00989  snr_imp  +4.76 dB  gain 1.000  47.6s
ep   7  train 0.00879  val 0.01088  snr_imp  +3.75 dB  gain 0.996  48.3s
ep   8  train 0.00863  val 0.00796  snr_imp  +6.02 dB  gain 0.997  46.8s
ep   9  train 0.00792  val 0.00849  snr_imp  +5.77 dB  gain 0.992  48.2s
ep  10  train 0.00789  val 0.00816  snr_imp  +5.69 dB  gain 1.007  48.2s
ep  11  train 0.00748  val 0.00719  snr_imp  +6.77 dB  gain 0.997  49.9s
ep  12  train 0.00674  val 0.00720  snr_imp  +6.75 dB  gain 1.000  48.0s
ep  13  train 0.00708  val 0.00723  snr_imp  +6.52 dB  gain 1.001  48.0s
ep  14  train 0.00666  val 0.00731  snr_imp  +6.57 dB  gain 1.004  49.1s
ep  15  train 0.00604  val 0.00726  snr_imp  +6.50 dB  gain 1.006  49.5s
ep  16  train 0.00614  val 0.00802  snr_imp  +5.46 dB  gain 1.013  48.2s
ep  17  train 0.00629  val 0.00801  snr_imp  +5.76 dB  gain 1.011  48.7s
ep  18  train 0.00597  val 0.00796  snr_imp  +5.62 dB  gain 1.011  51.0s
ep  19  train 0.00577  val 0.00781  snr_imp  +5.66 dB  gain 1.006  48.3s
ep  20  train 0.00594  val 0.00816  snr_imp  +5.46 dB  gain 1.006  47.6s
ep  21  train 0.00595  val 0.00913  snr_imp  +4.54 dB  gain 1.026  48.9s
ep  22  train 0.00558  val 0.00835  snr_imp  +5.35 dB  gain 1.011  49.4s
ep  23  train 0.00509  val 0.00897  snr_imp  +4.18 dB  gain 1.020  49.3s
early stop at epoch 23 (best 11: +6.77 dB)
best epoch 11: +6.769 dB  -> results/d0/m08_l3
