[m06_l3] source=synthetic train_windows=2610 val_windows=580 model=resunet1d params=976,489 loss=L3
[resume] last.pt 가 없다. 처음부터 학습한다.
ep   1  train 0.02592  val 0.02000  snr_imp  +1.18 dB  gain 0.944  41.6s
ep   2  train 0.01389  val 0.01001  snr_imp  +4.61 dB  gain 0.984  43.6s
ep   3  train 0.01108  val 0.01054  snr_imp  +4.34 dB  gain 0.969  42.5s
ep   4  train 0.00921  val 0.00839  snr_imp  +5.69 dB  gain 0.997  42.7s
ep   5  train 0.00800  val 0.00778  snr_imp  +6.03 dB  gain 1.003  42.6s
ep   6  train 0.00731  val 0.00787  snr_imp  +5.85 dB  gain 1.002  43.8s
ep   7  train 0.00690  val 0.00725  snr_imp  +6.38 dB  gain 1.001  43.8s
ep   8  train 0.00655  val 0.00692  snr_imp  +6.79 dB  gain 1.000  42.8s
ep   9  train 0.00624  val 0.00682  snr_imp  +7.08 dB  gain 1.001  42.8s
ep  10  train 0.00624  val 0.00694  snr_imp  +6.71 dB  gain 0.995  42.3s
ep  11  train 0.00625  val 0.00801  snr_imp  +5.53 dB  gain 1.013  43.6s
ep  12  train 0.00580  val 0.00729  snr_imp  +6.45 dB  gain 1.005  44.8s
ep  13  train 0.00560  val 0.00837  snr_imp  +5.52 dB  gain 1.004  43.2s
ep  14  train 0.00539  val 0.00714  snr_imp  +6.04 dB  gain 1.006  43.6s
ep  15  train 0.00538  val 0.00718  snr_imp  +6.56 dB  gain 1.004  44.4s
ep  16  train 0.00513  val 0.00742  snr_imp  +6.20 dB  gain 1.009  41.5s
ep  17  train 0.00529  val 0.00813  snr_imp  +4.99 dB  gain 1.010  42.6s
ep  18  train 0.00502  val 0.00974  snr_imp  +4.04 dB  gain 1.023  42.8s
ep  19  train 0.00464  val 0.00929  snr_imp  +3.87 dB  gain 1.017  40.9s
ep  20  train 0.00480  val 0.00838  snr_imp  +4.91 dB  gain 1.015  41.6s
ep  21  train 0.00484  val 0.00878  snr_imp  +4.61 dB  gain 1.016  41.1s
early stop at epoch 21 (best 9: +7.08 dB)
best epoch 9: +7.081 dB  -> results/d0/m06_l3
