[m08_l4] source=synthetic train_windows=2610 val_windows=580 model=wavelet_unet params=993,390 loss=L4
ep   1  train 0.05869  val 0.04477  snr_imp  +3.67 dB  gain 0.839  19.8s
ep   2  train 0.03315  val 0.02284  snr_imp  +6.33 dB  gain 0.947  20.5s
ep   3  train 0.02322  val 0.02082  snr_imp  +7.11 dB  gain 0.941  20.9s
ep   4  train 0.01965  val 0.01629  snr_imp  +9.10 dB  gain 0.977  21.2s
ep   5  train 0.01835  val 0.01576  snr_imp  +9.34 dB  gain 0.976  21.4s
ep   6  train 0.01771  val 0.01580  snr_imp  +9.20 dB  gain 0.977  20.5s
ep   7  train 0.01732  val 0.01446  snr_imp +10.47 dB  gain 0.981  20.6s
ep   8  train 0.01565  val 0.01400  snr_imp +10.72 dB  gain 0.982  20.8s
ep   9  train 0.01650  val 0.01456  snr_imp +10.48 dB  gain 0.988  21.0s
ep  10  train 0.01562  val 0.01354  snr_imp +11.30 dB  gain 0.990  20.9s
ep  11  train 0.01528  val 0.01325  snr_imp +11.47 dB  gain 0.984  21.4s
ep  12  train 0.01444  val 0.01306  snr_imp +11.41 dB  gain 0.986  21.0s
ep  13  train 0.01497  val 0.01294  snr_imp +11.61 dB  gain 0.989  21.2s
ep  14  train 0.01469  val 0.01327  snr_imp +11.91 dB  gain 0.998  21.0s
ep  15  train 0.01429  val 0.01290  snr_imp +11.54 dB  gain 0.984  20.5s
ep  16  train 0.01349  val 0.01257  snr_imp +12.26 dB  gain 0.993  20.3s
ep  17  train 0.01342  val 0.01255  snr_imp +12.27 dB  gain 0.995  20.6s
ep  18  train 0.01362  val 0.01326  snr_imp +11.57 dB  gain 0.989  20.5s
ep  19  train 0.01368  val 0.01200  snr_imp +12.61 dB  gain 0.993  21.7s
ep  20  train 0.01316  val 0.01297  snr_imp +12.31 dB  gain 0.999  22.9s
ep  21  train 0.01309  val 0.01190  snr_imp +12.60 dB  gain 0.996  20.6s
ep  22  train 0.01325  val 0.01201  snr_imp +12.72 dB  gain 0.997  21.8s
ep  23  train 0.01260  val 0.01210  snr_imp +12.68 dB  gain 0.995  21.1s
ep  24  train 0.01273  val 0.01225  snr_imp +13.06 dB  gain 1.002  20.3s
ep  25  train 0.01204  val 0.01164  snr_imp +13.08 dB  gain 0.995  21.1s
ep  26  train 0.01208  val 0.01161  snr_imp +13.01 dB  gain 0.999  21.1s
ep  27  train 0.01193  val 0.01211  snr_imp +13.25 dB  gain 0.997  21.5s
ep  28  train 0.01182  val 0.01165  snr_imp +13.29 dB  gain 0.997  21.8s
ep  29  train 0.01220  val 0.01154  snr_imp +13.28 dB  gain 0.998  21.3s
ep  30  train 0.01164  val 0.01150  snr_imp +13.19 dB  gain 0.998  21.0s
ep  31  train 0.01176  val 0.01154  snr_imp +13.46 dB  gain 1.000  21.7s
ep  32  train 0.01156  val 0.01153  snr_imp +13.42 dB  gain 1.004  21.5s
ep  33  train 0.01168  val 0.01164  snr_imp +13.49 dB  gain 1.003  21.6s
ep  34  train 0.01144  val 0.01140  snr_imp +13.35 dB  gain 1.001  21.3s
ep  35  train 0.01109  val 0.01164  snr_imp +13.20 dB  gain 1.007  21.5s
ep  36  train 0.01160  val 0.01181  snr_imp +13.17 dB  gain 1.004  21.1s
ep  37  train 0.01105  val 0.01132  snr_imp +13.39 dB  gain 1.000  20.5s
ep  38  train 0.01123  val 0.01137  snr_imp +13.52 dB  gain 1.002  20.6s
ep  39  train 0.01162  val 0.01192  snr_imp +13.03 dB  gain 1.002  20.8s
ep  40  train 0.01097  val 0.01180  snr_imp +13.33 dB  gain 1.005  20.7s
ep  41  train 0.01139  val 0.01154  snr_imp +13.31 dB  gain 1.003  21.3s
ep  42  train 0.01120  val 0.01175  snr_imp +13.30 dB  gain 1.003  21.4s
ep  43  train 0.01070  val 0.01161  snr_imp +13.27 dB  gain 1.003  21.0s
ep  44  train 0.01083  val 0.01203  snr_imp +12.66 dB  gain 1.006  20.9s
ep  45  train 0.01098  val 0.01189  snr_imp +12.87 dB  gain 1.007  21.1s
ep  46  train 0.01155  val 0.01199  snr_imp +12.76 dB  gain 1.002  21.0s
ep  47  train 0.01071  val 0.01177  snr_imp +12.98 dB  gain 1.005  20.7s
ep  48  train 0.01096  val 0.01198  snr_imp +12.86 dB  gain 1.007  21.3s
ep  49  train 0.01055  val 0.01191  snr_imp +12.81 dB  gain 1.004  20.7s
ep  50  train 0.01056  val 0.01191  snr_imp +12.89 dB  gain 1.006  21.0s
early stop at epoch 50 (best 38: +13.52 dB)
best epoch 38: +13.517 dB  -> results/m08_l4
