[m07_l1] source=synthetic train_windows=2610 val_windows=580 model=resunet1d params=976,489 loss=L1
[resume] last.pt 가 없다. 처음부터 학습한다.
ep   1  train 0.00407  val 0.00276  snr_imp  -2.32 dB  gain 0.973  100.1s
ep   2  train 0.00191  val 0.00121  snr_imp  +0.79 dB  gain 0.984  102.9s
ep   3  train 0.00171  val 0.00123  snr_imp  +0.17 dB  gain 0.995  100.2s
ep   4  train 0.00123  val 0.00098  snr_imp  +1.76 dB  gain 0.994  100.6s
ep   5  train 0.00107  val 0.00095  snr_imp  +1.30 dB  gain 0.996  96.9s
ep   6  train 0.00089  val 0.00090  snr_imp  +1.35 dB  gain 1.020  98.6s
ep   7  train 0.00087  val 0.00091  snr_imp  +1.21 dB  gain 1.002  100.7s
ep   8  train 0.00084  val 0.00076  snr_imp  +2.63 dB  gain 0.999  99.5s
ep   9  train 0.00074  val 0.00075  snr_imp  +2.16 dB  gain 0.998  98.7s
ep  10  train 0.00077  val 0.00085  snr_imp  +1.53 dB  gain 0.997  97.9s
ep  11  train 0.00072  val 0.00076  snr_imp  +2.00 dB  gain 1.016  100.7s
ep  12  train 0.00063  val 0.00077  snr_imp  +2.10 dB  gain 0.993  101.8s
ep  13  train 0.00066  val 0.00090  snr_imp  +0.88 dB  gain 1.013  100.5s
ep  14  train 0.00063  val 0.00071  snr_imp  +2.10 dB  gain 1.001  100.6s
ep  15  train 0.00060  val 0.00075  snr_imp  +1.80 dB  gain 1.007  98.6s
ep  16  train 0.00060  val 0.00073  snr_imp  +1.79 dB  gain 1.000  98.1s
ep  17  train 0.00062  val 0.00101  snr_imp  +0.01 dB  gain 0.995  100.1s
ep  18  train 0.00059  val 0.00079  snr_imp  +1.25 dB  gain 0.999  99.4s
ep  19  train 0.00049  val 0.00077  snr_imp  +1.52 dB  gain 1.011  101.0s
ep  20  train 0.00051  val 0.00073  snr_imp  +1.97 dB  gain 1.005  98.9s
early stop at epoch 20 (best 8: +2.63 dB)
best epoch 8: +2.628 dB  -> results/d0/m07_l1
