[m08_l1] source=synthetic train_windows=2610 val_windows=580 model=wavelet_unet params=993,390 loss=L1
ep   1  train 0.00845  val 0.00382  snr_imp  +1.68 dB  gain 0.937  33.9s
ep   2  train 0.00276  val 0.00163  snr_imp  +2.57 dB  gain 0.988  37.4s
ep   3  train 0.00171  val 0.00134  snr_imp  +3.42 dB  gain 0.977  38.1s
ep   4  train 0.00148  val 0.00114  snr_imp  +4.01 dB  gain 0.999  33.6s
ep   5  train 0.00122  val 0.00091  snr_imp  +4.48 dB  gain 1.001  34.0s
ep   6  train 0.00090  val 0.00076  snr_imp  +4.83 dB  gain 0.999  33.7s
ep   7  train 0.00075  val 0.00080  snr_imp  +4.43 dB  gain 1.009  33.1s
ep   8  train 0.00080  val 0.00064  snr_imp  +6.03 dB  gain 1.000  33.8s
ep   9  train 0.00067  val 0.00067  snr_imp  +6.24 dB  gain 0.991  34.9s
ep  10  train 0.00065  val 0.00060  snr_imp  +6.02 dB  gain 1.004  33.6s
ep  11  train 0.00060  val 0.00067  snr_imp  +5.12 dB  gain 1.005  33.5s
ep  12  train 0.00056  val 0.00059  snr_imp  +6.05 dB  gain 1.008  34.4s
ep  13  train 0.00056  val 0.00055  snr_imp  +6.35 dB  gain 1.003  34.0s
ep  14  train 0.00057  val 0.00060  snr_imp  +6.66 dB  gain 0.993  33.6s
ep  15  train 0.00055  val 0.00054  snr_imp  +6.74 dB  gain 1.000  33.8s
ep  16  train 0.00051  val 0.00053  snr_imp  +6.68 dB  gain 0.998  34.4s
ep  17  train 0.00049  val 0.00059  snr_imp  +5.46 dB  gain 1.010  75.7s
ep  18  train 0.00042  val 0.00053  snr_imp  +6.51 dB  gain 1.006  33.5s
ep  19  train 0.00040  val 0.00053  snr_imp  +6.23 dB  gain 1.011  33.8s
ep  20  train 0.00043  val 0.00053  snr_imp  +6.20 dB  gain 1.008  33.1s
ep  21  train 0.00042  val 0.00050  snr_imp  +6.52 dB  gain 1.009  33.3s
ep  22  train 0.00039  val 0.00052  snr_imp  +6.31 dB  gain 1.003  33.8s
ep  23  train 0.00038  val 0.00060  snr_imp  +5.39 dB  gain 1.011  33.6s
ep  24  train 0.00034  val 0.00058  snr_imp  +5.11 dB  gain 1.012  34.4s
ep  25  train 0.00036  val 0.00056  snr_imp  +5.56 dB  gain 1.012  33.8s
ep  26  train 0.00034  val 0.00054  snr_imp  +5.84 dB  gain 1.010  33.2s
ep  27  train 0.00034  val 0.00054  snr_imp  +5.87 dB  gain 1.018  33.3s
early stop at epoch 27 (best 15: +6.74 dB)
best epoch 15: +6.737 dB  -> results/m08_l1
