[m08_l4] source=mitdb train_windows=2880 val_windows=640 model=wavelet_unet params=993,390 loss=L4
[resume] last.pt 가 없다. 처음부터 학습한다.
ep   1  train 0.03292  val 0.02362  snr_imp  +1.16 dB  gain 0.926  70.7s
ep   2  train 0.02106  val 0.01853  snr_imp  +2.16 dB  gain 0.955  73.6s
ep   3  train 0.01865  val 0.01784  snr_imp  +2.14 dB  gain 0.956  74.3s
ep   4  train 0.01865  val 0.01821  snr_imp  +2.06 dB  gain 0.953  75.1s
ep   5  train 0.01869  val 0.01768  snr_imp  +1.94 dB  gain 0.968  74.6s
ep   6  train 0.01636  val 0.01649  snr_imp  +2.43 dB  gain 0.981  74.8s
ep   7  train 0.01688  val 0.01570  snr_imp  +2.94 dB  gain 0.979  77.0s
ep   8  train 0.01595  val 0.01570  snr_imp  +2.81 dB  gain 0.986  73.9s
ep   9  train 0.01551  val 0.01546  snr_imp  +2.89 dB  gain 0.992  73.5s
ep  10  train 0.01501  val 0.01713  snr_imp  +2.20 dB  gain 1.010  72.3s
ep  11  train 0.01496  val 0.01494  snr_imp  +3.37 dB  gain 0.990  74.4s
ep  12  train 0.01548  val 0.01533  snr_imp  +2.99 dB  gain 0.993  75.0s
ep  13  train 0.01497  val 0.01538  snr_imp  +3.26 dB  gain 0.998  70.9s
ep  14  train 0.01455  val 0.01420  snr_imp  +3.88 dB  gain 0.988  71.0s
ep  15  train 0.01444  val 0.01505  snr_imp  +3.32 dB  gain 0.999  73.8s
ep  16  train 0.01426  val 0.01446  snr_imp  +3.48 dB  gain 0.995  73.5s
ep  17  train 0.01460  val 0.01420  snr_imp  +3.60 dB  gain 0.992  72.9s
ep  18  train 0.01388  val 0.01428  snr_imp  +3.76 dB  gain 0.995  72.0s
ep  19  train 0.01402  val 0.01441  snr_imp  +3.37 dB  gain 0.998  71.1s
ep  20  train 0.01385  val 0.01424  snr_imp  +3.57 dB  gain 0.993  75.0s
ep  21  train 0.01397  val 0.01525  snr_imp  +3.04 dB  gain 1.005  71.7s
ep  22  train 0.01369  val 0.01437  snr_imp  +3.57 dB  gain 0.986  69.9s
ep  23  train 0.01310  val 0.01404  snr_imp  +3.95 dB  gain 1.001  69.6s
ep  24  train 0.01333  val 0.01462  snr_imp  +3.63 dB  gain 0.999  69.7s
ep  25  train 0.01334  val 0.01399  snr_imp  +3.97 dB  gain 0.992  71.2s
ep  26  train 0.01345  val 0.01508  snr_imp  +3.17 dB  gain 1.008  70.0s
ep  27  train 0.01288  val 0.01362  snr_imp  +4.09 dB  gain 0.988  71.9s
ep  28  train 0.01354  val 0.01366  snr_imp  +4.11 dB  gain 0.988  72.6s
ep  29  train 0.01255  val 0.01434  snr_imp  +3.67 dB  gain 0.999  72.2s
ep  30  train 0.01300  val 0.01380  snr_imp  +4.04 dB  gain 0.992  70.2s
ep  31  train 0.01265  val 0.01394  snr_imp  +4.02 dB  gain 0.995  70.8s
ep  32  train 0.01256  val 0.01381  snr_imp  +4.13 dB  gain 0.993  69.7s
ep  33  train 0.01273  val 0.01341  snr_imp  +4.35 dB  gain 0.986  71.2s
ep  34  train 0.01246  val 0.01555  snr_imp  +2.80 dB  gain 1.012  70.0s
ep  35  train 0.01266  val 0.01464  snr_imp  +3.36 dB  gain 1.008  72.1s
ep  36  train 0.01269  val 0.01443  snr_imp  +3.83 dB  gain 1.007  70.3s
ep  37  train 0.01244  val 0.01418  snr_imp  +3.81 dB  gain 1.003  70.7s
ep  38  train 0.01259  val 0.01397  snr_imp  +3.96 dB  gain 1.001  69.7s
ep  39  train 0.01223  val 0.01370  snr_imp  +4.12 dB  gain 0.998  73.3s
ep  40  train 0.01199  val 0.01464  snr_imp  +3.39 dB  gain 1.007  74.3s
ep  41  train 0.01239  val 0.01433  snr_imp  +3.73 dB  gain 1.007  73.4s
ep  42  train 0.01229  val 0.01380  snr_imp  +4.08 dB  gain 1.003  73.1s
ep  43  train 0.01161  val 0.01389  snr_imp  +3.89 dB  gain 1.000  73.4s
ep  44  train 0.01252  val 0.01433  snr_imp  +3.72 dB  gain 1.006  73.5s
ep  45  train 0.01151  val 0.01428  snr_imp  +3.59 dB  gain 1.007  76.2s
early stop at epoch 45 (best 33: +4.35 dB)
best epoch 33: +4.354 dB  -> results/d1/m08_l4
