[m06_l3] source=synthetic train_windows=2610 val_windows=580 model=resunet1d params=976,489 loss=L3
ep   1  train 0.05452  val 0.03269  snr_imp  +4.15 dB  gain 0.912  17.4s
ep   2  train 0.01994  val 0.01324  snr_imp  +8.31 dB  gain 0.943  18.1s
ep   3  train 0.01243  val 0.01205  snr_imp  +9.04 dB  gain 1.016  18.0s
ep   4  train 0.01000  val 0.00902  snr_imp +10.80 dB  gain 1.010  18.0s
ep   5  train 0.00952  val 0.00877  snr_imp +10.98 dB  gain 1.009  18.2s
ep   6  train 0.00819  val 0.00853  snr_imp +11.33 dB  gain 1.009  18.0s
ep   7  train 0.00794  val 0.00792  snr_imp +11.75 dB  gain 0.997  17.9s
ep   8  train 0.00764  val 0.00828  snr_imp +11.56 dB  gain 0.990  18.0s
ep   9  train 0.00722  val 0.00853  snr_imp +11.25 dB  gain 1.006  18.2s
ep  10  train 0.00724  val 0.00911  snr_imp +11.33 dB  gain 1.012  17.5s
ep  11  train 0.00679  val 0.00742  snr_imp +12.33 dB  gain 1.005  18.0s
ep  12  train 0.00655  val 0.00766  snr_imp +12.02 dB  gain 1.016  18.1s
ep  13  train 0.00600  val 0.00715  snr_imp +12.56 dB  gain 1.006  18.4s
ep  14  train 0.00586  val 0.00682  snr_imp +12.57 dB  gain 1.002  18.2s
ep  15  train 0.00566  val 0.00745  snr_imp +12.18 dB  gain 1.008  17.8s
ep  16  train 0.00553  val 0.00701  snr_imp +12.57 dB  gain 1.009  18.2s
ep  17  train 0.00549  val 0.00670  snr_imp +12.86 dB  gain 1.009  17.6s
ep  18  train 0.00519  val 0.00655  snr_imp +12.88 dB  gain 1.000  17.8s
ep  19  train 0.00574  val 0.00731  snr_imp +12.56 dB  gain 1.013  18.0s
ep  20  train 0.00516  val 0.00790  snr_imp +11.75 dB  gain 1.017  18.6s
ep  21  train 0.00551  val 0.00717  snr_imp +12.25 dB  gain 1.004  18.0s
ep  22  train 0.00479  val 0.00687  snr_imp +12.68 dB  gain 1.014  17.4s
ep  23  train 0.00447  val 0.00670  snr_imp +12.69 dB  gain 1.008  18.5s
ep  24  train 0.00453  val 0.00844  snr_imp +11.21 dB  gain 1.013  18.5s
ep  25  train 0.00462  val 0.00719  snr_imp +12.17 dB  gain 1.010  18.2s
ep  26  train 0.00450  val 0.00698  snr_imp +12.37 dB  gain 1.010  18.2s
ep  27  train 0.00446  val 0.00760  snr_imp +11.81 dB  gain 1.011  17.7s
ep  28  train 0.00422  val 0.00731  snr_imp +12.02 dB  gain 1.016  17.8s
ep  29  train 0.00421  val 0.00725  snr_imp +11.97 dB  gain 1.017  17.7s
ep  30  train 0.00404  val 0.00834  snr_imp +10.77 dB  gain 1.018  17.6s
early stop at epoch 30 (best 18: +12.88 dB)
best epoch 18: +12.882 dB  -> results/m06_l3
