[m10_l1] source=synthetic train_windows=2610 val_windows=580 model=dilated_resnet1d params=979,926 loss=L1
[resume] last.pt 가 없다. 처음부터 학습한다.
ep   1  train 0.00479  val 0.00204  snr_imp  +0.65 dB  gain 0.993  103.2s
ep   2  train 0.00162  val 0.00168  snr_imp  +1.60 dB  gain 1.019  107.6s
ep   3  train 0.00136  val 0.00112  snr_imp  +2.40 dB  gain 0.997  106.9s
ep   4  train 0.00161  val 0.00109  snr_imp  +2.92 dB  gain 1.007  108.5s
ep   5  train 0.00092  val 0.00091  snr_imp  +3.43 dB  gain 1.020  104.7s
ep   6  train 0.00075  val 0.00080  snr_imp  +3.90 dB  gain 1.014  105.1s
ep   7  train 0.00072  val 0.00082  snr_imp  +3.65 dB  gain 1.021  108.0s
ep   8  train 0.00070  val 0.00091  snr_imp  +2.94 dB  gain 1.032  101.3s
ep   9  train 0.00064  val 0.00094  snr_imp  +2.75 dB  gain 1.032  104.6s
ep  10  train 0.00069  val 0.00084  snr_imp  +2.95 dB  gain 1.027  102.4s
ep  11  train 0.00060  val 0.00077  snr_imp  +3.81 dB  gain 1.019  106.6s
ep  12  train 0.00054  val 0.00076  snr_imp  +3.68 dB  gain 1.016  107.5s
ep  13  train 0.00056  val 0.00095  snr_imp  +2.74 dB  gain 1.037  104.6s
ep  14  train 0.00054  val 0.00079  snr_imp  +3.42 dB  gain 1.013  102.5s
ep  15  train 0.00052  val 0.00082  snr_imp  +3.04 dB  gain 1.027  103.9s
ep  16  train 0.00047  val 0.00074  snr_imp  +3.60 dB  gain 1.026  104.7s
ep  17  train 0.00050  val 0.00089  snr_imp  +2.59 dB  gain 1.023  105.7s
ep  18  train 0.00059  val 0.00082  snr_imp  +2.77 dB  gain 1.002  105.3s
early stop at epoch 18 (best 6: +3.90 dB)
best epoch 6: +3.899 dB  -> results/d0/m10_l1
