[m07_l1] source=mitdb train_windows=2880 val_windows=640 model=resunet1d params=976,489 loss=L1
[resume] last.pt 가 없다. 처음부터 학습한다.
ep   1  train 0.00579  val 0.00397  snr_imp  -2.56 dB  gain 0.999  125.8s
ep   2  train 0.00344  val 0.00254  snr_imp  -1.10 dB  gain 1.024  128.0s
ep   3  train 0.00256  val 0.00257  snr_imp  -0.79 dB  gain 1.022  124.3s
ep   4  train 0.00245  val 0.00296  snr_imp  -0.58 dB  gain 1.006  131.0s
ep   5  train 0.00255  val 0.00245  snr_imp  -1.04 dB  gain 1.008  133.0s
ep   6  train 0.00204  val 0.00237  snr_imp  -0.21 dB  gain 1.027  131.0s
ep   7  train 0.00212  val 0.00240  snr_imp  +0.18 dB  gain 0.992  134.6s
ep   8  train 0.00208  val 0.00277  snr_imp  -0.85 dB  gain 1.014  162.9s
ep   9  train 0.00197  val 0.00215  snr_imp  +0.26 dB  gain 1.022  126.8s
ep  10  train 0.00180  val 0.00229  snr_imp  +0.53 dB  gain 1.014  127.0s
ep  11  train 0.00192  val 0.00245  snr_imp  +0.22 dB  gain 1.034  123.1s
ep  12  train 0.00207  val 0.00188  snr_imp  +0.91 dB  gain 1.013  131.5s
ep  13  train 0.00189  val 0.00205  snr_imp  +0.35 dB  gain 1.023  129.3s
ep  14  train 0.00171  val 0.00183  snr_imp  +1.01 dB  gain 1.000  128.2s
ep  15  train 0.00182  val 0.00200  snr_imp  +0.97 dB  gain 1.009  131.8s
ep  16  train 0.00175  val 0.00171  snr_imp  +1.50 dB  gain 0.983  125.0s
ep  17  train 0.00175  val 0.00180  snr_imp  +1.36 dB  gain 1.004  128.3s
ep  18  train 0.00168  val 0.00192  snr_imp  +1.06 dB  gain 0.988  130.8s
ep  19  train 0.00194  val 0.00188  snr_imp  +1.00 dB  gain 1.017  125.4s
ep  20  train 0.00182  val 0.00175  snr_imp  +1.35 dB  gain 0.986  126.4s
ep  21  train 0.00165  val 0.00206  snr_imp  -0.40 dB  gain 1.013  128.7s
ep  22  train 0.00150  val 0.00171  snr_imp  +1.28 dB  gain 0.991  128.1s
ep  23  train 0.00151  val 0.00182  snr_imp  +0.58 dB  gain 1.015  127.7s
ep  24  train 0.00157  val 0.00171  snr_imp  +1.28 dB  gain 1.011  124.0s
ep  25  train 0.00169  val 0.00202  snr_imp  +0.08 dB  gain 1.029  126.5s
ep  26  train 0.00157  val 0.00164  snr_imp  +1.59 dB  gain 0.996  125.7s
ep  27  train 0.00140  val 0.00173  snr_imp  +1.20 dB  gain 1.003  130.1s
ep  28  train 0.00156  val 0.00209  snr_imp  +0.36 dB  gain 1.029  128.6s
ep  29  train 0.00138  val 0.00192  snr_imp  +0.44 dB  gain 1.020  124.2s
ep  30  train 0.00147  val 0.00197  snr_imp  +0.43 dB  gain 1.013  125.9s
ep  31  train 0.00151  val 0.00215  snr_imp  -0.04 dB  gain 1.020  128.8s
ep  32  train 0.00145  val 0.00176  snr_imp  +0.68 dB  gain 1.002  128.3s
ep  33  train 0.00148  val 0.00170  snr_imp  +1.03 dB  gain 1.009  127.1s
ep  34  train 0.00135  val 0.00160  snr_imp  +1.49 dB  gain 1.009  124.2s
ep  35  train 0.00139  val 0.00165  snr_imp  +1.21 dB  gain 0.999  126.1s
ep  36  train 0.00147  val 0.00178  snr_imp  +0.57 dB  gain 1.006  126.8s
ep  37  train 0.00136  val 0.00165  snr_imp  +1.12 dB  gain 1.012  127.6s
ep  38  train 0.00143  val 0.00209  snr_imp  +0.43 dB  gain 1.020  126.4s
early stop at epoch 38 (best 26: +1.59 dB)
best epoch 26: +1.590 dB  -> results/d1/m07_l1
