[m10_l1] source=mitdb train_windows=2880 val_windows=640 model=dilated_resnet1d params=979,926 loss=L1
[resume] last.pt 가 없다. 처음부터 학습한다.
ep   1  train 0.00660  val 0.00309  snr_imp  -0.95 dB  gain 1.066  138.4s
ep   2  train 0.00333  val 0.00274  snr_imp  -1.18 dB  gain 1.037  186.6s
ep   3  train 0.00232  val 0.00204  snr_imp  +0.84 dB  gain 1.021  126.6s
ep   4  train 0.00208  val 0.00199  snr_imp  +1.02 dB  gain 1.003  114.8s
ep   5  train 0.00209  val 0.00210  snr_imp  +1.22 dB  gain 1.019  115.4s
ep   6  train 0.00168  val 0.00161  snr_imp  +2.12 dB  gain 1.018  116.0s
ep   7  train 0.00176  val 0.00157  snr_imp  +2.07 dB  gain 1.005  129.2s
ep   8  train 0.00149  val 0.00188  snr_imp  +0.88 dB  gain 1.048  123.2s
ep   9  train 0.00170  val 0.00150  snr_imp  +2.06 dB  gain 0.992  115.4s
ep  10  train 0.00145  val 0.00153  snr_imp  +2.34 dB  gain 1.008  116.1s
ep  11  train 0.00154  val 0.00152  snr_imp  +2.34 dB  gain 1.028  115.6s
ep  12  train 0.00166  val 0.00145  snr_imp  +2.03 dB  gain 0.999  115.3s
ep  13  train 0.00142  val 0.00141  snr_imp  +2.42 dB  gain 1.008  118.7s
ep  14  train 0.00133  val 0.00141  snr_imp  +2.26 dB  gain 0.998  115.8s
ep  15  train 0.00141  val 0.00150  snr_imp  +2.04 dB  gain 1.019  117.4s
ep  16  train 0.00135  val 0.00141  snr_imp  +2.23 dB  gain 0.998  119.9s
ep  17  train 0.00148  val 0.00132  snr_imp  +2.36 dB  gain 1.004  118.2s
ep  18  train 0.00127  val 0.00123  snr_imp  +2.77 dB  gain 1.005  117.8s
ep  19  train 0.00128  val 0.00134  snr_imp  +2.67 dB  gain 1.017  117.9s
ep  20  train 0.00120  val 0.00135  snr_imp  +2.81 dB  gain 1.015  119.1s
ep  21  train 0.00119  val 0.00132  snr_imp  +2.73 dB  gain 1.006  123.1s
ep  22  train 0.00112  val 0.00127  snr_imp  +2.86 dB  gain 1.014  127.3s
ep  23  train 0.00105  val 0.00130  snr_imp  +2.53 dB  gain 1.014  121.3s
ep  24  train 0.00113  val 0.00123  snr_imp  +3.23 dB  gain 1.004  120.5s
ep  25  train 0.00116  val 0.00191  snr_imp  +1.30 dB  gain 1.043  125.3s
ep  26  train 0.00120  val 0.00127  snr_imp  +2.98 dB  gain 1.003  123.1s
ep  27  train 0.00106  val 0.00125  snr_imp  +3.02 dB  gain 1.015  120.7s
ep  28  train 0.00114  val 0.00128  snr_imp  +3.23 dB  gain 1.005  119.4s
ep  29  train 0.00110  val 0.00142  snr_imp  +2.59 dB  gain 1.014  119.9s
ep  30  train 0.00101  val 0.00121  snr_imp  +2.80 dB  gain 1.005  118.8s
ep  31  train 0.00104  val 0.00142  snr_imp  +2.68 dB  gain 1.019  117.6s
ep  32  train 0.00101  val 0.00123  snr_imp  +2.88 dB  gain 1.015  118.4s
ep  33  train 0.00102  val 0.00126  snr_imp  +3.27 dB  gain 1.007  119.9s
ep  34  train 0.00096  val 0.00131  snr_imp  +2.52 dB  gain 1.024  120.3s
ep  35  train 0.00101  val 0.00135  snr_imp  +2.85 dB  gain 0.999  125.2s
ep  36  train 0.00103  val 0.00124  snr_imp  +3.20 dB  gain 1.008  120.6s
ep  37  train 0.00100  val 0.00119  snr_imp  +3.12 dB  gain 1.017  119.0s
ep  38  train 0.00100  val 0.00126  snr_imp  +3.18 dB  gain 1.019  119.7s
ep  39  train 0.00095  val 0.00131  snr_imp  +3.05 dB  gain 1.015  117.6s
ep  40  train 0.00090  val 0.00120  snr_imp  +3.36 dB  gain 1.013  115.5s
ep  41  train 0.00089  val 0.00130  snr_imp  +2.89 dB  gain 1.016  118.1s
ep  42  train 0.00088  val 0.00129  snr_imp  +2.99 dB  gain 1.019  120.2s
ep  43  train 0.00083  val 0.00133  snr_imp  +2.86 dB  gain 1.020  122.5s
ep  44  train 0.00094  val 0.00133  snr_imp  +2.58 dB  gain 1.016  119.2s
ep  45  train 0.00081  val 0.00122  snr_imp  +3.05 dB  gain 1.018  123.5s
ep  46  train 0.00082  val 0.00118  snr_imp  +3.34 dB  gain 1.008  124.6s
ep  47  train 0.00081  val 0.00118  snr_imp  +3.29 dB  gain 1.013  127.4s
ep  48  train 0.00087  val 0.00124  snr_imp  +3.07 dB  gain 1.020  123.7s
ep  49  train 0.00084  val 0.00124  snr_imp  +3.12 dB  gain 1.015  122.3s
ep  50  train 0.00087  val 0.00135  snr_imp  +2.91 dB  gain 1.024  120.4s
ep  51  train 0.00085  val 0.00124  snr_imp  +3.18 dB  gain 1.016  117.4s
ep  52  train 0.00080  val 0.00126  snr_imp  +3.06 dB  gain 1.018  122.8s
early stop at epoch 52 (best 40: +3.36 dB)
best epoch 40: +3.364 dB  -> results/d1/m10_l1
