[m06_l2] source=synthetic train_windows=2610 val_windows=580 model=resunet1d params=976,489 loss=L2
[resume] last.pt 가 없다. 처음부터 학습한다.
ep   1  train 0.02415  val 0.01884  snr_imp  +1.59 dB  gain 0.933  42.4s
ep   2  train 0.01378  val 0.01100  snr_imp  +3.57 dB  gain 0.994  43.5s
ep   3  train 0.01085  val 0.01020  snr_imp  +4.21 dB  gain 0.981  42.7s
ep   4  train 0.00922  val 0.00847  snr_imp  +5.98 dB  gain 0.986  42.2s
ep   5  train 0.00804  val 0.00763  snr_imp  +6.25 dB  gain 0.999  42.3s
ep   6  train 0.00730  val 0.00754  snr_imp  +6.57 dB  gain 0.985  42.6s
ep   7  train 0.00710  val 0.00718  snr_imp  +6.42 dB  gain 0.998  42.4s
ep   8  train 0.00644  val 0.00714  snr_imp  +6.41 dB  gain 1.002  44.4s
ep   9  train 0.00620  val 0.00677  snr_imp  +7.03 dB  gain 1.003  43.9s
ep  10  train 0.00602  val 0.00706  snr_imp  +6.62 dB  gain 1.004  41.1s
ep  11  train 0.00571  val 0.00712  snr_imp  +6.47 dB  gain 1.008  42.8s
ep  12  train 0.00585  val 0.00807  snr_imp  +5.41 dB  gain 1.005  41.0s
ep  13  train 0.00554  val 0.00963  snr_imp  +4.52 dB  gain 1.021  42.3s
ep  14  train 0.00525  val 0.00747  snr_imp  +5.87 dB  gain 1.002  43.1s
ep  15  train 0.00531  val 0.00751  snr_imp  +5.93 dB  gain 1.005  42.0s
ep  16  train 0.00522  val 0.00829  snr_imp  +5.20 dB  gain 1.014  42.6s
ep  17  train 0.00528  val 0.00810  snr_imp  +5.03 dB  gain 1.012  41.5s
ep  18  train 0.00494  val 0.01017  snr_imp  +3.47 dB  gain 1.021  41.8s
ep  19  train 0.00455  val 0.00992  snr_imp  +3.30 dB  gain 1.013  42.8s
ep  20  train 0.00456  val 0.00828  snr_imp  +4.91 dB  gain 1.005  43.5s
ep  21  train 0.00462  val 0.01052  snr_imp  +2.69 dB  gain 1.020  41.3s
early stop at epoch 21 (best 9: +7.03 dB)
best epoch 9: +7.027 dB  -> results/d0/m06_l2
